Archive member included to satisfy reference by file (symbol)

./STM32F4XX_Lib/CMSIS/Lib/GCC/libarm_cortexM4lf_math.a(arm_fir_interpolate_q15.o)
                              obj_f4/DMRDMOTX.o (arm_fir_interpolate_q15)
./STM32F4XX_Lib/CMSIS/Lib/GCC/libarm_cortexM4lf_math.a(arm_fir_fast_q15.o)
                              obj_f4/POCSAGTX.o (arm_fir_fast_q15)
./STM32F4XX_Lib/CMSIS/Lib/GCC/libarm_cortexM4lf_math.a(arm_sin_q31.o)
                              obj_f4/FMCTCSSTX.o (arm_sin_q31)
./STM32F4XX_Lib/CMSIS/Lib/GCC/libarm_cortexM4lf_math.a(arm_common_tables.o)
                              ./STM32F4XX_Lib/CMSIS/Lib/GCC/libarm_cortexM4lf_math.a(arm_sin_q31.o) (sinTable_q31)
/usr/lib/gcc/arm-none-eabi/9.2.1/../../../arm-none-eabi/lib/thumb/v7e-m+fp/hard/libstdc++_nano.a(del_opv.o)
                              obj_f4/FMCTCSSTX.o (operator delete[](void*))
/usr/lib/gcc/arm-none-eabi/9.2.1/../../../arm-none-eabi/lib/thumb/v7e-m+fp/hard/libstdc++_nano.a(new_opv.o)
                              obj_f4/DMRDMOTX.o (operator new[](unsigned int))
/usr/lib/gcc/arm-none-eabi/9.2.1/../../../arm-none-eabi/lib/thumb/v7e-m+fp/hard/libstdc++_nano.a(del_op.o)
                              /usr/lib/gcc/arm-none-eabi/9.2.1/../../../arm-none-eabi/lib/thumb/v7e-m+fp/hard/libstdc++_nano.a(del_opv.o) (operator delete(void*))
/usr/lib/gcc/arm-none-eabi/9.2.1/../../../arm-none-eabi/lib/thumb/v7e-m+fp/hard/libstdc++_nano.a(new_op.o)
                              /usr/lib/gcc/arm-none-eabi/9.2.1/../../../arm-none-eabi/lib/thumb/v7e-m+fp/hard/libstdc++_nano.a(new_opv.o) (operator new(unsigned int))
/usr/lib/gcc/arm-none-eabi/9.2.1/../../../arm-none-eabi/lib/thumb/v7e-m+fp/hard/libstdc++_nano.a(new_handler.o)
                              /usr/lib/gcc/arm-none-eabi/9.2.1/../../../arm-none-eabi/lib/thumb/v7e-m+fp/hard/libstdc++_nano.a(new_op.o) (std::get_new_handler())
/usr/lib/gcc/arm-none-eabi/9.2.1/../../../arm-none-eabi/lib/thumb/v7e-m+fp/hard/libc_nano.a(lib_a-abort.o)
                              /usr/lib/gcc/arm-none-eabi/9.2.1/../../../arm-none-eabi/lib/thumb/v7e-m+fp/hard/libstdc++_nano.a(new_op.o) (abort)
/usr/lib/gcc/arm-none-eabi/9.2.1/../../../arm-none-eabi/lib/thumb/v7e-m+fp/hard/libc_nano.a(lib_a-atexit.o)
                              /usr/lib/gcc/arm-none-eabi/9.2.1/../../../arm-none-eabi/lib/thumb/v7e-m+fp/hard/crt0.o (atexit)
/usr/lib/gcc/arm-none-eabi/9.2.1/../../../arm-none-eabi/lib/thumb/v7e-m+fp/hard/libc_nano.a(lib_a-exit.o)
                              /usr/lib/gcc/arm-none-eabi/9.2.1/../../../arm-none-eabi/lib/thumb/v7e-m+fp/hard/crt0.o (exit)
/usr/lib/gcc/arm-none-eabi/9.2.1/../../../arm-none-eabi/lib/thumb/v7e-m+fp/hard/libc_nano.a(lib_a-fini.o)
                              /usr/lib/gcc/arm-none-eabi/9.2.1/../../../arm-none-eabi/lib/thumb/v7e-m+fp/hard/crt0.o (__libc_fini_array)
/usr/lib/gcc/arm-none-eabi/9.2.1/../../../arm-none-eabi/lib/thumb/v7e-m+fp/hard/libc_nano.a(lib_a-impure.o)
                              /usr/lib/gcc/arm-none-eabi/9.2.1/../../../arm-none-eabi/lib/thumb/v7e-m+fp/hard/libc_nano.a(lib_a-exit.o) (_global_impure_ptr)
/usr/lib/gcc/arm-none-eabi/9.2.1/../../../arm-none-eabi/lib/thumb/v7e-m+fp/hard/libc_nano.a(lib_a-init.o)
                              /usr/lib/gcc/arm-none-eabi/9.2.1/../../../arm-none-eabi/lib/thumb/v7e-m+fp/hard/crt0.o (__libc_init_array)
/usr/lib/gcc/arm-none-eabi/9.2.1/../../../arm-none-eabi/lib/thumb/v7e-m+fp/hard/libc_nano.a(lib_a-malloc.o)
                              /usr/lib/gcc/arm-none-eabi/9.2.1/../../../arm-none-eabi/lib/thumb/v7e-m+fp/hard/libstdc++_nano.a(new_op.o) (malloc)
/usr/lib/gcc/arm-none-eabi/9.2.1/../../../arm-none-eabi/lib/thumb/v7e-m+fp/hard/libc_nano.a(lib_a-memcpy.o)
                              obj_f4/POCSAGTX.o (memcpy)
/usr/lib/gcc/arm-none-eabi/9.2.1/../../../arm-none-eabi/lib/thumb/v7e-m+fp/hard/libc_nano.a(lib_a-memset.o)
                              /usr/lib/gcc/arm-none-eabi/9.2.1/../../../arm-none-eabi/lib/thumb/v7e-m+fp/hard/crt0.o (memset)
/usr/lib/gcc/arm-none-eabi/9.2.1/../../../arm-none-eabi/lib/thumb/v7e-m+fp/hard/libc_nano.a(lib_a-nano-freer.o)
                              /usr/lib/gcc/arm-none-eabi/9.2.1/../../../arm-none-eabi/lib/thumb/v7e-m+fp/hard/libc_nano.a(lib_a-malloc.o) (_free_r)
/usr/lib/gcc/arm-none-eabi/9.2.1/../../../arm-none-eabi/lib/thumb/v7e-m+fp/hard/libc_nano.a(lib_a-nano-mallocr.o)
                              /usr/lib/gcc/arm-none-eabi/9.2.1/../../../arm-none-eabi/lib/thumb/v7e-m+fp/hard/libc_nano.a(lib_a-malloc.o) (_malloc_r)
/usr/lib/gcc/arm-none-eabi/9.2.1/../../../arm-none-eabi/lib/thumb/v7e-m+fp/hard/libc_nano.a(lib_a-sbrkr.o)
                              /usr/lib/gcc/arm-none-eabi/9.2.1/../../../arm-none-eabi/lib/thumb/v7e-m+fp/hard/libc_nano.a(lib_a-nano-mallocr.o) (_sbrk_r)
/usr/lib/gcc/arm-none-eabi/9.2.1/../../../arm-none-eabi/lib/thumb/v7e-m+fp/hard/libc_nano.a(lib_a-signal.o)
[...]
Memory Configuration

Name             Origin             Length             Attributes
ROM              0x0000000008000000 0x0000000000100000 xr
CCMRAM           0x0000000010000000 0x0000000000010000 xrw
RAM              0x0000000020000000 0x0000000000020000 xrw
*default*        0x0000000000000000 0xffffffffffffffff

Linker script and memory map

LOAD /usr/lib/gcc/arm-none-eabi/9.2.1/thumb/v7e-m+fp/hard/crti.o
LOAD /usr/lib/gcc/arm-none-eabi/9.2.1/thumb/v7e-m+fp/hard/crtbegin.o
LOAD /usr/lib/gcc/arm-none-eabi/9.2.1/../../../arm-none-eabi/lib/thumb/v7e-m+fp/hard/crt0.o
LOAD obj_f4/AX25Twist.o
LOAD obj_f4/DMRDMOTX.o
LOAD obj_f4/CalM17.o
LOAD obj_f4/SerialArduino.o
LOAD obj_f4/FMCTCSSRX.o
LOAD obj_f4/AX25RX.o
LOAD obj_f4/POCSAGTX.o
LOAD obj_f4/AX25Frame.o
LOAD obj_f4/FMCTCSSTX.o
LOAD obj_f4/SerialTeensy.o
LOAD obj_f4/FMKeyer.o
LOAD obj_f4/IODue.o
LOAD obj_f4/SerialPort.o
LOAD obj_f4/DStarRX.o
LOAD obj_f4/FMBlanking.o
LOAD obj_f4/CalNXDN.o
LOAD obj_f4/FMTimer.o
LOAD obj_f4/IO.o
LOAD obj_f4/SerialSTM_CMSIS.o
LOAD obj_f4/FMUpSampler.o
LOAD obj_f4/MMDVM.o
LOAD obj_f4/M17RX.o
LOAD obj_f4/AX25TX.o
LOAD obj_f4/AX25Demodulator.o
LOAD obj_f4/YSFRX.o
LOAD obj_f4/YSFTX.o
LOAD obj_f4/FMDownSampler.o
LOAD obj_f4/IOSTM_CMSIS.o
LOAD obj_f4/IOSTM.o
LOAD obj_f4/DStarTX.o
LOAD obj_f4/DMRIdleRX.o
LOAD obj_f4/P25TX.o
LOAD obj_f4/NXDNRX.o
LOAD obj_f4/CalDStarRX.o
LOAD obj_f4/CalDMR.o
LOAD obj_f4/FM.o
LOAD obj_f4/Utils.o
LOAD obj_f4/CalPOCSAG.o
LOAD obj_f4/FMTimeout.o
LOAD obj_f4/STMUART.o
LOAD obj_f4/DMRTX.o
LOAD obj_f4/FMNoiseSquelch.o
LOAD obj_f4/DMRDMORX.o
LOAD obj_f4/M17TX.o
LOAD obj_f4/CalFM.o
LOAD obj_f4/DMRSlotRX.o
LOAD obj_f4/IOTeensy.o
LOAD obj_f4/DMRRX.o
LOAD obj_f4/CalP25.o
LOAD obj_f4/DMRSlotType.o
LOAD obj_f4/NXDNTX.o
LOAD obj_f4/CalRSSI.o
LOAD obj_f4/CalDStarTX.o
LOAD obj_f4/SerialSTM.o
LOAD obj_f4/P25RX.o
LOAD obj_f4/CWIdTX.o
LOAD obj_f4/stm32f4xx_gpio.o
LOAD obj_f4/stm32f4xx_dac.o
LOAD obj_f4/stm32f4xx_i2c.o
LOAD obj_f4/stm32f4xx_rcc.o
LOAD obj_f4/misc.o
LOAD obj_f4/stm32f4xx_usart.o
LOAD obj_f4/stm32f4xx_tim.o
LOAD obj_f4/stm32f4xx_adc.o
LOAD obj_f4/system_stm32f4xx.o
LOAD obj_f4/startup_stm32f4xx.o
LOAD ./STM32F4XX_Lib/CMSIS/Lib/GCC/libarm_cortexM4lf_math.a
LOAD /usr/lib/gcc/arm-none-eabi/9.2.1/../../../arm-none-eabi/lib/thumb/v7e-m+fp/hard/libstdc++_nano.a
LOAD /usr/lib/gcc/arm-none-eabi/9.2.1/../../../arm-none-eabi/lib/thumb/v7e-m+fp/hard/libm.a
START GROUP
LOAD /usr/lib/gcc/arm-none-eabi/9.2.1/thumb/v7e-m+fp/hard/libgcc.a
LOAD /usr/lib/gcc/arm-none-eabi/9.2.1/../../../arm-none-eabi/lib/thumb/v7e-m+fp/hard/libc_nano.a
END GROUP
START GROUP
LOAD /usr/lib/gcc/arm-none-eabi/9.2.1/thumb/v7e-m+fp/hard/libgcc.a
LOAD /usr/lib/gcc/arm-none-eabi/9.2.1/../../../arm-none-eabi/lib/thumb/v7e-m+fp/hard/libc_nano.a
LOAD /usr/lib/gcc/arm-none-eabi/9.2.1/../../../arm-none-eabi/lib/thumb/v7e-m+fp/hard/libnosys.a
END GROUP
START GROUP
LOAD /usr/lib/gcc/arm-none-eabi/9.2.1/thumb/v7e-m+fp/hard/libgcc.a
LOAD /usr/lib/gcc/arm-none-eabi/9.2.1/../../../arm-none-eabi/lib/thumb/v7e-m+fp/hard/libc_nano.a
LOAD /usr/lib/gcc/arm-none-eabi/9.2.1/../../../arm-none-eabi/lib/thumb/v7e-m+fp/hard/libnosys.a
END GROUP
LOAD /usr/lib/gcc/arm-none-eabi/9.2.1/thumb/v7e-m+fp/hard/crtend.o
LOAD /usr/lib/gcc/arm-none-eabi/9.2.1/thumb/v7e-m+fp/hard/crtn.o
                0x0000000000001000                _min_heap_size = 0x1000
                0x0000000000000800                _min_stack_size = 0x800
                0x0000000020020000                _estack = (ORIGIN (RAM) + LENGTH (RAM))

.text           0x0000000008000000    0x46378
                0x0000000008000000                . = ALIGN (0x4)
 *(.isr_vector .isr_vector.*)
 .isr_vector    0x0000000008000000      0x188 obj_f4/startup_stm32f4xx.o
                0x0000000008000000                g_pfnVectors
                0x0000000008000188                . = ALIGN (0x4)
 *(.text .text*)
 .text          0x0000000008000188        0x0 /usr/lib/gcc/arm-none-eabi/9.2.1/thumb/v7e-m+fp/hard/crti.o
 .text          0x0000000008000188       0x88 /usr/lib/gcc/arm-none-eabi/9.2.1/thumb/v7e-m+fp/hard/crtbegin.o
 .text          0x0000000008000210       0x70 /usr/lib/gcc/arm-none-eabi/9.2.1/../../../arm-none-eabi/lib/thumb/v7e-m+fp/hard/crt0.o
                0x0000000008000210                _stack_init
                0x0000000008000218                _mainCRTStartup
                0x0000000008000218                _start
 .text          0x0000000008000280        0x0 obj_f4/AX25Twist.o
 .text          0x0000000008000280        0x0 obj_f4/DMRDMOTX.o
 .text._ZN9CDMRDMOTXC2Ev
                0x0000000008000280       0x6c obj_f4/DMRDMOTX.o
                0x0000000008000280                CDMRDMOTX::CDMRDMOTX()
                0x0000000008000280                CDMRDMOTX::CDMRDMOTX()
 .text._ZN9CDMRDMOTX9writeByteEh
                0x00000000080002ec       0x68 obj_f4/DMRDMOTX.o
                0x00000000080002ec                CDMRDMOTX::writeByte(unsigned char)
 .text._ZN9CDMRDMOTX7processEv
                0x0000000008000354      0x114 obj_f4/DMRDMOTX.o
                0x0000000008000354                CDMRDMOTX::process()
 .text._ZN9CDMRDMOTX10setTXDelayEh
                0x0000000008000468       0x1e obj_f4/DMRDMOTX.o
                0x0000000008000468                CDMRDMOTX::setTXDelay(unsigned char)
 .text._ZNK11CRingBufferIhE8getSpaceEv
                0x0000000008000486       0x42 obj_f4/DMRDMOTX.o
                0x0000000008000486                CRingBuffer<unsigned char>::getSpace() const
 .text._ZNK9CDMRDMOTX8getSpaceEv
                0x00000000080004c8       0x10 obj_f4/DMRDMOTX.o
                0x00000000080004c8                CDMRDMOTX::getSpace() const
 .text._ZN9CDMRDMOTX9writeDataEPKht
                0x00000000080004d8       0x62 obj_f4/DMRDMOTX.o
                0x00000000080004d8                CDMRDMOTX::writeData(unsigned char const*, unsigned short)
 .text          0x000000000800053a        0x0 obj_f4/CalM17.o
 .text          0x000000000800053a        0x0 obj_f4/SerialArduino.o
 .text          0x000000000800053a        0x0 obj_f4/FMCTCSSRX.o
 .text._ZN10CFMCTCSSRXC2Ev
                0x000000000800053a       0x1a obj_f4/FMCTCSSRX.o
                0x000000000800053a                CFMCTCSSRX::CFMCTCSSRX()
                0x000000000800053a                CFMCTCSSRX::CFMCTCSSRX()
 .text._ZN10CFMCTCSSRX9setParamsEhhh
                0x0000000008000554       0x3c obj_f4/FMCTCSSRX.o
                0x0000000008000554                CFMCTCSSRX::setParams(unsigned char, unsigned char, unsigned char)
 .text._ZN10CFMCTCSSRX7processEs
                0x0000000008000590       0xd8 obj_f4/FMCTCSSRX.o
                0x0000000008000590                CFMCTCSSRX::process(short)
 .text._ZN10CFMCTCSSRX5resetEv
                0x0000000008000668        0xc obj_f4/FMCTCSSRX.o
                0x0000000008000668                CFMCTCSSRX::reset()
 .text          0x0000000008000674        0x0 obj_f4/AX25RX.o
 .text          0x0000000008000674        0x0 obj_f4/POCSAGTX.o
 .text._ZN9CPOCSAGTXC2Ev
                0x0000000008000674       0x68 obj_f4/POCSAGTX.o
                0x0000000008000674                CPOCSAGTX::CPOCSAGTX()
                0x0000000008000674                CPOCSAGTX::CPOCSAGTX()
 .text._ZN9CPOCSAGTX9writeByteEh
                0x00000000080006dc       0x6c obj_f4/POCSAGTX.o
                0x00000000080006dc                CPOCSAGTX::writeByte(unsigned char)
 .text._ZN9CPOCSAGTX10setTXDelayEh
                0x0000000008000748       0x18 obj_f4/POCSAGTX.o
                0x0000000008000748                CPOCSAGTX::setTXDelay(unsigned char)
 .text._ZNK11CRingBufferIhE7getDataEv
                0x0000000008000760       0x40 obj_f4/POCSAGTX.o
                0x0000000008000760                CRingBuffer<unsigned char>::getData() const
 .text._ZN9CPOCSAGTX4busyEv
                0x00000000080007a0       0x18 obj_f4/POCSAGTX.o
                0x00000000080007a0                CPOCSAGTX::busy()
 .text._ZN9CPOCSAGTX7processEv
                0x00000000080007b8       0xe0 obj_f4/POCSAGTX.o
                0x00000000080007b8                CPOCSAGTX::process()
 .text._ZNK9CPOCSAGTX8getSpaceEv
                0x0000000008000898       0x10 obj_f4/POCSAGTX.o
                0x0000000008000898                CPOCSAGTX::getSpace() const
 .text._ZN9CPOCSAGTX9writeDataEPKht
                0x00000000080008a8       0x62 obj_f4/POCSAGTX.o
                0x00000000080008a8                CPOCSAGTX::writeData(unsigned char const*, unsigned short)
 .text          0x000000000800090a        0x0 obj_f4/AX25Frame.o
 .text          0x000000000800090a        0x0 obj_f4/FMCTCSSTX.o
 .text._ZN10CFMCTCSSTXC2Ev
                0x000000000800090a        0x8 obj_f4/FMCTCSSTX.o
                0x000000000800090a                CFMCTCSSTX::CFMCTCSSTX()
                0x000000000800090a                CFMCTCSSTX::CFMCTCSSTX()
 *fill*         0x0000000008000912        0x2 
 .text._ZN10CFMCTCSSTX9setParamsEhh
                0x0000000008000914       0x8c obj_f4/FMCTCSSTX.o
                0x0000000008000914                CFMCTCSSTX::setParams(unsigned char, unsigned char)
 .text._ZN10CFMCTCSSTX8getAudioEb
                0x00000000080009a0       0x24 obj_f4/FMCTCSSTX.o
                0x00000000080009a0                CFMCTCSSTX::getAudio(bool)
 .text          0x00000000080009c4        0x0 obj_f4/SerialTeensy.o
 .text          0x00000000080009c4        0x0 obj_f4/FMKeyer.o
 .text._ZN8CFMKeyerC2Ev
                0x00000000080009c4       0x2a obj_f4/FMKeyer.o
                0x00000000080009c4                CFMKeyer::CFMKeyer()
                0x00000000080009c4                CFMKeyer::CFMKeyer()
 *fill*         0x00000000080009ee        0x2 
 .text._ZN8CFMKeyer9setParamsEPKchthh
                0x00000000080009f0      0x108 obj_f4/FMKeyer.o
                0x00000000080009f0                CFMKeyer::setParams(char const*, unsigned char, unsigned short, unsigned char, unsigned char)
 .text._ZN8CFMKeyer12getHighAudioEv
                0x0000000008000af8       0x84 obj_f4/FMKeyer.o
                0x0000000008000af8                CFMKeyer::getHighAudio()
 .text._ZN8CFMKeyer11getLowAudioEv
                0x0000000008000b7c       0x84 obj_f4/FMKeyer.o
                0x0000000008000b7c                CFMKeyer::getLowAudio()
 .text._ZN8CFMKeyer4stopEv
                0x0000000008000c00       0x12 obj_f4/FMKeyer.o
                0x0000000008000c00                CFMKeyer::stop()
 .text._ZNK8CFMKeyer8isWantedEv
                0x0000000008000c12        0x4 obj_f4/FMKeyer.o
                0x0000000008000c12                CFMKeyer::isWanted() const
 .text._ZNK8CFMKeyer9isRunningEv
                0x0000000008000c16       0x1c obj_f4/FMKeyer.o
                0x0000000008000c16                CFMKeyer::isRunning() const
 .text._ZN8CFMKeyer5startEv
                0x0000000008000c32       0x1c obj_f4/FMKeyer.o
                0x0000000008000c32                CFMKeyer::start()
 .text          0x0000000008000c4e        0x0 obj_f4/IODue.o
 .text          0x0000000008000c4e        0x0 obj_f4/SerialPort.o
 *fill*         0x0000000008000c4e        0x2 
 .text._ZN11CSerialPort12setFMParams3EPKht.part.0
                0x0000000008000c50       0x60 obj_f4/SerialPort.o
 .text._ZN11CSerialPortC2Ev
                0x0000000008000cb0       0x68 obj_f4/SerialPort.o
                0x0000000008000cb0                CSerialPort::CSerialPort()
                0x0000000008000cb0                CSerialPort::CSerialPort()
 .text._ZN11CSerialPort7sendACKEh
                0x0000000008000d18       0x28 obj_f4/SerialPort.o
                0x0000000008000d18                CSerialPort::sendACK(unsigned char)
 .text._ZN11CSerialPort7sendNAKEhh
                0x0000000008000d40       0x2c obj_f4/SerialPort.o
                0x0000000008000d40                CSerialPort::sendNAK(unsigned char, unsigned char)
 .text._ZN11CSerialPort9getStatusEv
                0x0000000008000d6c      0x1b8 obj_f4/SerialPort.o
                0x0000000008000d6c                CSerialPort::getStatus()
 .text._ZN11CSerialPort10getVersionEv
                0x0000000008000f24       0x70 obj_f4/SerialPort.o
                0x0000000008000f24                CSerialPort::getVersion()
 .text._ZN11CSerialPort12setFMParams1EPKht
                0x0000000008000f94       0x80 obj_f4/SerialPort.o
                0x0000000008000f94                CSerialPort::setFMParams1(unsigned char const*, unsigned short)
 .text._ZN11CSerialPort12setFMParams2EPKht
                0x0000000008001014       0x64 obj_f4/SerialPort.o
                0x0000000008001014                CSerialPort::setFMParams2(unsigned char const*, unsigned short)
 .text._ZN11CSerialPort12setFMParams3EPKht
                0x0000000008001078        0xe obj_f4/SerialPort.o
                0x0000000008001078                CSerialPort::setFMParams3(unsigned char const*, unsigned short)
 *fill*         0x0000000008001086        0x2 
 .text._ZN11CSerialPort12setFMParams4EPKht
                0x0000000008001088       0x54 obj_f4/SerialPort.o
                0x0000000008001088                CSerialPort::setFMParams4(unsigned char const*, unsigned short)
 .text._ZN11CSerialPort5startEv
                0x00000000080010dc       0x1e obj_f4/SerialPort.o
                0x00000000080010dc                CSerialPort::start()
 *fill*         0x00000000080010fa        0x2 
 .text._ZN11CSerialPort16writeDStarHeaderEPKhh
                0x00000000080010fc       0x58 obj_f4/SerialPort.o
                0x00000000080010fc                CSerialPort::writeDStarHeader(unsigned char const*, unsigned char)
 .text._ZN11CSerialPort14writeDStarDataEPKhh
                0x0000000008001154       0x58 obj_f4/SerialPort.o
                0x0000000008001154                CSerialPort::writeDStarData(unsigned char const*, unsigned char)
 .text._ZN11CSerialPort14writeDStarLostEv
                0x00000000080011ac       0x3c obj_f4/SerialPort.o
                0x00000000080011ac                CSerialPort::writeDStarLost()
 .text._ZN11CSerialPort13writeDStarEOTEv
                0x00000000080011e8       0x3c obj_f4/SerialPort.o
                0x00000000080011e8                CSerialPort::writeDStarEOT()
 .text._ZN11CSerialPort12writeDMRDataEbPKhh
                0x0000000008001224       0x60 obj_f4/SerialPort.o
                0x0000000008001224                CSerialPort::writeDMRData(bool, unsigned char const*, unsigned char)
 .text._ZN11CSerialPort12writeDMRLostEb
                0x0000000008001284       0x40 obj_f4/SerialPort.o
                0x0000000008001284                CSerialPort::writeDMRLost(bool)
 .text._ZN11CSerialPort12writeYSFDataEPKhh
                0x00000000080012c4       0x5c obj_f4/SerialPort.o
                0x00000000080012c4                CSerialPort::writeYSFData(unsigned char const*, unsigned char)
 .text._ZN11CSerialPort12writeYSFLostEv
                0x0000000008001320       0x3c obj_f4/SerialPort.o
                0x0000000008001320                CSerialPort::writeYSFLost()
 .text._ZN11CSerialPort11writeFMDataEPKht
                0x000000000800135c       0x8c obj_f4/SerialPort.o
                0x000000000800135c                CSerialPort::writeFMData(unsigned char const*, unsigned short)
 .text._ZN11CSerialPort13writeFMStatusEh
                0x00000000080013e8       0x40 obj_f4/SerialPort.o
                0x00000000080013e8                CSerialPort::writeFMStatus(unsigned char)
 .text._ZN11CSerialPort10writeFMEOTEv
                0x0000000008001428       0x3c obj_f4/SerialPort.o
                0x0000000008001428                CSerialPort::writeFMEOT()
 .text._ZN11CSerialPort15writeSerialDataEPKhh
                0x0000000008001464       0x38 obj_f4/SerialPort.o
                0x0000000008001464                CSerialPort::writeSerialData(unsigned char const*, unsigned char)
 .text._ZN11CSerialPort12writeCalDataEPKhh
                0x000000000800149c       0x50 obj_f4/SerialPort.o
                0x000000000800149c                CSerialPort::writeCalData(unsigned char const*, unsigned char)
 .text._ZN11CSerialPort13writeRSSIDataEPKhh
                0x00000000080014ec       0x50 obj_f4/SerialPort.o
                0x00000000080014ec                CSerialPort::writeRSSIData(unsigned char const*, unsigned char)
 .text._ZN11CSerialPort10writeDebugEPKc
                0x000000000800153c       0x40 obj_f4/SerialPort.o
                0x000000000800153c                CSerialPort::writeDebug(char const*)
 .text._ZN11CSerialPort7setModeE11MMDVM_STATE
                0x000000000800157c      0x174 obj_f4/SerialPort.o
                0x000000000800157c                CSerialPort::setMode(MMDVM_STATE)
 .text._ZN11CSerialPort9setConfigEPKht
                0x00000000080016f0      0x238 obj_f4/SerialPort.o
                0x00000000080016f0                CSerialPort::setConfig(unsigned char const*, unsigned short)
 .text._ZN11CSerialPort7setModeEPKht
                0x0000000008001928       0x88 obj_f4/SerialPort.o
                0x0000000008001928                CSerialPort::setMode(unsigned char const*, unsigned short)
 .text._ZN11CSerialPort10writeDebugEPKcs
                0x00000000080019b0       0x54 obj_f4/SerialPort.o
                0x00000000080019b0                CSerialPort::writeDebug(char const*, short)
 .text._ZN11CSerialPort14processMessageEhPKht
                0x0000000008001a04      0x5c4 obj_f4/SerialPort.o
                0x0000000008001a04                CSerialPort::processMessage(unsigned char, unsigned char const*, unsigned short)
 .text._ZN11CSerialPort7processEv
                0x0000000008001fc8      0x1ec obj_f4/SerialPort.o
                0x0000000008001fc8                CSerialPort::process()
 .text._ZN11CSerialPort10writeDebugEPKcss
                0x00000000080021b4       0x70 obj_f4/SerialPort.o
                0x00000000080021b4                CSerialPort::writeDebug(char const*, short, short)
 .text._ZN11CSerialPort10writeDebugEPKcsss
                0x0000000008002224       0x8e obj_f4/SerialPort.o
                0x0000000008002224                CSerialPort::writeDebug(char const*, short, short, short)
 .text._ZN11CSerialPort10writeDebugEPKcssss
                0x00000000080022b2       0xac obj_f4/SerialPort.o
                0x00000000080022b2                CSerialPort::writeDebug(char const*, short, short, short, short)
 .text._ZN11CSerialPort14writeDebugDumpEPKht
                0x000000000800235e       0x7a obj_f4/SerialPort.o
                0x000000000800235e                CSerialPort::writeDebugDump(unsigned char const*, unsigned short)
 .text          0x00000000080023d8        0x0 obj_f4/DStarRX.o
 .text._ZN8CDStarRXC2Ev
                0x00000000080023d8      0x108 obj_f4/DStarRX.o
                0x00000000080023d8                CDStarRX::CDStarRX()
                0x00000000080023d8                CDStarRX::CDStarRX()
 .text._ZN8CDStarRX5resetEv
                0x00000000080024e0       0x54 obj_f4/DStarRX.o
                0x00000000080024e0                CDStarRX::reset()
 .text._ZN8CDStarRX15writeRSSIHeaderEPh
                0x0000000008002534       0x44 obj_f4/DStarRX.o
                0x0000000008002534                CDStarRX::writeRSSIHeader(unsigned char*)
 .text._ZN8CDStarRX13writeRSSIDataEPh
                0x0000000008002578       0x40 obj_f4/DStarRX.o
                0x0000000008002578                CDStarRX::writeRSSIData(unsigned char*)
 .text._ZN8CDStarRX18correlateFrameSyncEv
                0x00000000080025b8       0xa0 obj_f4/DStarRX.o
                0x00000000080025b8                CDStarRX::correlateFrameSync()
 .text._ZN8CDStarRX17correlateDataSyncEv
                0x0000000008002658       0xf4 obj_f4/DStarRX.o
                0x0000000008002658                CDStarRX::correlateDataSync()
 .text._ZN8CDStarRX11processNoneEs
                0x000000000800274c       0x6c obj_f4/DStarRX.o
                0x000000000800274c                CDStarRX::processNone(short)
 .text._ZN8CDStarRX13samplesToBitsEPKsttPht
                0x00000000080027b8       0x60 obj_f4/DStarRX.o
                0x00000000080027b8                CDStarRX::samplesToBits(short const*, unsigned short, unsigned short, unsigned char*, unsigned short)
 .text._ZN8CDStarRX11processDataEv
                0x0000000008002818      0x170 obj_f4/DStarRX.o
                0x0000000008002818                CDStarRX::processData()
 .text._ZN8CDStarRX3acsEPi
                0x0000000008002988      0x13c obj_f4/DStarRX.o
                0x0000000008002988                CDStarRX::acs(int*)
 .text._ZN8CDStarRX13viterbiDecodeEPi
                0x0000000008002ac4       0x32 obj_f4/DStarRX.o
                0x0000000008002ac4                CDStarRX::viterbiDecode(int*)
 *fill*         0x0000000008002af6        0x2 
 .text._ZN8CDStarRX9traceBackEv
                0x0000000008002af8       0xcc obj_f4/DStarRX.o
                0x0000000008002af8                CDStarRX::traceBack()
 .text._ZNK8CDStarRX8checksumEPKh
                0x0000000008002bc4       0x50 obj_f4/DStarRX.o
                0x0000000008002bc4                CDStarRX::checksum(unsigned char const*) const
 .text._ZN8CDStarRX8rxHeaderEPhS0_
                0x0000000008002c14      0x248 obj_f4/DStarRX.o
                0x0000000008002c14                CDStarRX::rxHeader(unsigned char*, unsigned char*)
 .text._ZN8CDStarRX13processHeaderEs
                0x0000000008002e5c       0xe8 obj_f4/DStarRX.o
                0x0000000008002e5c                CDStarRX::processHeader(short)
 .text._ZN8CDStarRX7samplesEPKsPKth
                0x0000000008002f44       0xb4 obj_f4/DStarRX.o
                0x0000000008002f44                CDStarRX::samples(short const*, unsigned short const*, unsigned char)
 .text          0x0000000008002ff8        0x0 obj_f4/FMBlanking.o
 .text._ZN11CFMBlankingC2Ev
                0x0000000008002ff8       0x12 obj_f4/FMBlanking.o
                0x0000000008002ff8                CFMBlanking::CFMBlanking()
                0x0000000008002ff8                CFMBlanking::CFMBlanking()
 .text._ZN11CFMBlanking9setParamsEhh
                0x000000000800300a        0xe obj_f4/FMBlanking.o
                0x000000000800300a                CFMBlanking::setParams(unsigned char, unsigned char)
 .text._ZN11CFMBlanking7processEs
                0x0000000008003018       0x74 obj_f4/FMBlanking.o
                0x0000000008003018                CFMBlanking::process(short)
 .text          0x000000000800308c        0x0 obj_f4/CalNXDN.o
 .text          0x000000000800308c        0x0 obj_f4/FMTimer.o
 .text._ZN8CFMTimerC2Ev
                0x000000000800308c        0x8 obj_f4/FMTimer.o
                0x000000000800308c                CFMTimer::CFMTimer()
                0x000000000800308c                CFMTimer::CFMTimer()
 .text._ZN8CFMTimer10setTimeoutEtm
                0x0000000008003094       0x10 obj_f4/FMTimer.o
                0x0000000008003094                CFMTimer::setTimeout(unsigned short, unsigned long)
 .text._ZNK8CFMTimer10getTimeoutEv
                0x00000000080030a4        0xa obj_f4/FMTimer.o
                0x00000000080030a4                CFMTimer::getTimeout() const
 .text._ZN8CFMTimer5startEv
                0x00000000080030ae        0xa obj_f4/FMTimer.o
                0x00000000080030ae                CFMTimer::start()
 .text._ZN8CFMTimer4stopEv
                0x00000000080030b8        0x6 obj_f4/FMTimer.o
                0x00000000080030b8                CFMTimer::stop()
 .text._ZN8CFMTimer5clockEh
                0x00000000080030be        0xe obj_f4/FMTimer.o
                0x00000000080030be                CFMTimer::clock(unsigned char)
 .text._ZNK8CFMTimer9isRunningEv
                0x00000000080030cc        0xa obj_f4/FMTimer.o
                0x00000000080030cc                CFMTimer::isRunning() const
 .text._ZNK8CFMTimer10hasExpiredEv
                0x00000000080030d6       0x16 obj_f4/FMTimer.o
                0x00000000080030d6                CFMTimer::hasExpired() const
 .text          0x00000000080030ec        0x0 obj_f4/IO.o
 .text._ZN3CIO8selfTestEv
                0x00000000080030ec      0x118 obj_f4/IO.o
                0x00000000080030ec                CIO::selfTest()
 .text._ZN3CIOC2Ev
                0x0000000008003204      0x140 obj_f4/IO.o
                0x0000000008003204                CIO::CIO()
                0x0000000008003204                CIO::CIO()
 .text._ZNK3CIO8getSpaceEv
                0x0000000008003344       0x44 obj_f4/IO.o
                0x0000000008003344                CIO::getSpace() const
 .text._ZN3CIO9setDecodeEb
                0x0000000008003388       0x18 obj_f4/IO.o
                0x0000000008003388                CIO::setDecode(bool)
 .text._ZN3CIO15setADCDetectionEb
                0x00000000080033a0        0x6 obj_f4/IO.o
                0x00000000080033a0                CIO::setADCDetection(bool)
 *fill*         0x00000000080033a6        0x2 
 .text._ZN3CIO7setModeE11MMDVM_STATE
                0x00000000080033a8       0xcc obj_f4/IO.o
                0x00000000080033a8                CIO::setMode(MMDVM_STATE)
 .text._ZN3CIO5startEv
                0x0000000008003474       0x1e obj_f4/IO.o
                0x0000000008003474                CIO::start()
 .text._ZN3CIO13setParametersEbbbhhhhhhhhhhhssb
                0x0000000008003492       0xde obj_f4/IO.o
                0x0000000008003492                CIO::setParameters(bool, bool, bool, unsigned char, unsigned char, unsigned char, unsigned char, unsigned char, unsigned char, unsigned char, unsigned char, unsigned char, unsigned char, unsigned char, short, short, bool)
 .text._ZN3CIO11getOverflowERbS0_
                0x0000000008003570       0x24 obj_f4/IO.o
                0x0000000008003570                CIO::getOverflow(bool&, bool&)
 .text._ZN3CIO13hasTXOverflowEv
                0x0000000008003594        0xe obj_f4/IO.o
                0x0000000008003594                CIO::hasTXOverflow()
 .text._ZN3CIO13hasRXOverflowEv
                0x00000000080035a2        0xa obj_f4/IO.o
                0x00000000080035a2                CIO::hasRXOverflow()
 .text._ZN3CIO13resetWatchdogEv
                0x00000000080035ac        0x8 obj_f4/IO.o
                0x00000000080035ac                CIO::resetWatchdog()
 .text._ZN3CIO11getWatchdogEv
                0x00000000080035b4        0x6 obj_f4/IO.o
                0x00000000080035b4                CIO::getWatchdog()
 .text._ZNK3CIO10hasLockoutEv
                0x00000000080035ba        0x6 obj_f4/IO.o
                0x00000000080035ba                CIO::hasLockout() const
 .text._ZNK11CRingBufferI7TSampleE7getDataEv
                0x00000000080035c0       0x40 obj_f4/IO.o
                0x00000000080035c0                CRingBuffer<TSample>::getData() const
 .text._ZN3CIO7processEv
                0x0000000008003600      0x364 obj_f4/IO.o
                0x0000000008003600                CIO::process()
 .text._ZNV11CRingBufferI7TSampleE3putES0_
                0x0000000008003964       0x4c obj_f4/IO.o
                0x0000000008003964                CRingBuffer<TSample>::put(TSample) volatile
 .text._ZN3CIO5writeE11MMDVM_STATEPstPKh
                0x00000000080039b0       0xfc obj_f4/IO.o
                0x00000000080039b0                CIO::write(MMDVM_STATE, short*, unsigned short, unsigned char const*)
 .text          0x0000000008003aac        0x0 obj_f4/SerialSTM_CMSIS.o
 .text          0x0000000008003aac        0x0 obj_f4/FMUpSampler.o
 .text._ZN12CFMUpSamplerC2Ev
                0x0000000008003aac       0x2e obj_f4/FMUpSampler.o
                0x0000000008003aac                CFMUpSampler::CFMUpSampler()
                0x0000000008003aac                CFMUpSampler::CFMUpSampler()
 .text._ZN12CFMUpSampler5resetEv
                0x0000000008003ada       0x12 obj_f4/FMUpSampler.o
                0x0000000008003ada                CFMUpSampler::reset()
 .text._ZN12CFMUpSampler7addDataEPKht
                0x0000000008003aec       0xba obj_f4/FMUpSampler.o
                0x0000000008003aec                CFMUpSampler::addData(unsigned char const*, unsigned short)
 .text._ZN12CFMUpSampler9getSampleERs
                0x0000000008003ba6       0x8e obj_f4/FMUpSampler.o
                0x0000000008003ba6                CFMUpSampler::getSample(short&)
 .text._ZNK12CFMUpSampler8getSpaceEv
                0x0000000008003c34       0x48 obj_f4/FMUpSampler.o
                0x0000000008003c34                CFMUpSampler::getSpace() const
 .text          0x0000000008003c7c        0x0 obj_f4/MMDVM.o
 .text._Z5setupv
                0x0000000008003c7c        0xc obj_f4/MMDVM.o
                0x0000000008003c7c                setup()
 .text._Z4loopv
                0x0000000008003c88      0x128 obj_f4/MMDVM.o
                0x0000000008003c88                loop()
 .text.startup.main
                0x0000000008003db0        0xc obj_f4/MMDVM.o
                0x0000000008003db0                main
 .text.startup._GLOBAL__sub_I_m_modemState
                0x0000000008003dbc       0xd0 obj_f4/MMDVM.o
 .text          0x0000000008003e8c        0x0 obj_f4/M17RX.o
 .text          0x0000000008003e8c        0x0 obj_f4/AX25TX.o
 .text          0x0000000008003e8c        0x0 obj_f4/AX25Demodulator.o
 .text          0x0000000008003e8c        0x0 obj_f4/YSFRX.o
 .text._ZN6CYSFRXC2Ev
                0x0000000008003e8c       0xa8 obj_f4/YSFRX.o
                0x0000000008003e8c                CYSFRX::CYSFRX()
                0x0000000008003e8c                CYSFRX::CYSFRX()
 .text._ZN6CYSFRX5resetEv
                0x0000000008003f34       0x5c obj_f4/YSFRX.o
                0x0000000008003f34                CYSFRX::reset()
 .text._ZN6CYSFRX15calculateLevelsEtt
                0x0000000008003f90      0x10c obj_f4/YSFRX.o
                0x0000000008003f90                CYSFRX::calculateLevels(unsigned short, unsigned short)
 .text._ZN6CYSFRX13samplesToBitsEttPhtss
                0x000000000800409c       0xb4 obj_f4/YSFRX.o
                0x000000000800409c                CYSFRX::samplesToBits(unsigned short, unsigned short, unsigned char*, unsigned short, short, short)
 .text._ZN6CYSFRX13correlateSyncEv
                0x0000000008004150      0x18c obj_f4/YSFRX.o
                0x0000000008004150                CYSFRX::correlateSync()
 .text._ZN6CYSFRX11processNoneEs
                0x00000000080042dc       0x94 obj_f4/YSFRX.o
                0x00000000080042dc                CYSFRX::processNone(short)
 .text._ZN6CYSFRX13writeRSSIDataEPh
                0x0000000008004370       0x44 obj_f4/YSFRX.o
                0x0000000008004370                CYSFRX::writeRSSIData(unsigned char*)
 .text._ZN6CYSFRX11processDataEs
                0x00000000080043b4      0x144 obj_f4/YSFRX.o
                0x00000000080043b4                CYSFRX::processData(short)
 .text._ZN6CYSFRX7samplesEPKsPth
                0x00000000080044f8       0x96 obj_f4/YSFRX.o
                0x00000000080044f8                CYSFRX::samples(short const*, unsigned short*, unsigned char)
 .text          0x000000000800458e        0x0 obj_f4/YSFTX.o
 *fill*         0x000000000800458e        0x2 
 .text._ZN6CYSFTXC2Ev
                0x0000000008004590       0x7c obj_f4/YSFTX.o
                0x0000000008004590                CYSFTX::CYSFTX()
                0x0000000008004590                CYSFTX::CYSFTX()
 .text._ZN6CYSFTX9writeByteEh
                0x000000000800460c       0x8c obj_f4/YSFTX.o
                0x000000000800460c                CYSFTX::writeByte(unsigned char)
 .text._ZN6CYSFTX12writeSilenceEv
                0x0000000008004698       0x2c obj_f4/YSFTX.o
                0x0000000008004698                CYSFTX::writeSilence()
 .text._ZN6CYSFTX7processEv
                0x00000000080046c4      0x14c obj_f4/YSFTX.o
                0x00000000080046c4                CYSFTX::process()
 .text._ZN6CYSFTX10setTXDelayEh
                0x0000000008004810       0x1e obj_f4/YSFTX.o
                0x0000000008004810                CYSFTX::setTXDelay(unsigned char)
 .text._ZN6CYSFTX9setParamsEbh
                0x000000000800482e       0x10 obj_f4/YSFTX.o
                0x000000000800482e                CYSFTX::setParams(bool, unsigned char)
 .text._ZNK6CYSFTX8getSpaceEv
                0x000000000800483e       0x10 obj_f4/YSFTX.o
                0x000000000800483e                CYSFTX::getSpace() const
 .text._ZN6CYSFTX9writeDataEPKht
                0x000000000800484e       0x62 obj_f4/YSFTX.o
                0x000000000800484e                CYSFTX::writeData(unsigned char const*, unsigned short)
 .text          0x00000000080048b0        0x0 obj_f4/FMDownSampler.o
 .text._ZN14CFMDownSamplerC2Et
                0x00000000080048b0       0x28 obj_f4/FMDownSampler.o
                0x00000000080048b0                CFMDownSampler::CFMDownSampler(unsigned short)
                0x00000000080048b0                CFMDownSampler::CFMDownSampler(unsigned short)
 .text._ZN14CFMDownSampler9addSampleEs
                0x00000000080048d8       0x80 obj_f4/FMDownSampler.o
                0x00000000080048d8                CFMDownSampler::addSample(short)
 .text._ZN14CFMDownSampler13getPackedDataER15TSamplePairPack
                0x0000000008004958       0x4a obj_f4/FMDownSampler.o
                0x0000000008004958                CFMDownSampler::getPackedData(TSamplePairPack&)
 .text._ZN14CFMDownSampler7getDataEv
                0x00000000080049a2       0x40 obj_f4/FMDownSampler.o
                0x00000000080049a2                CFMDownSampler::getData()
 .text._ZN14CFMDownSampler5resetEv
                0x00000000080049e2        0x6 obj_f4/FMDownSampler.o
                0x00000000080049e2                CFMDownSampler::reset()
 .text          0x00000000080049e8        0x0 obj_f4/IOSTM_CMSIS.o
 .text          0x00000000080049e8        0x0 obj_f4/IOSTM.o
 .text._ZN3CIO7initIntEv
                0x00000000080049e8      0x114 obj_f4/IOSTM.o
                0x00000000080049e8                CIO::initInt()
 .text._ZN3CIO9interruptEv
                0x0000000008004afc      0x124 obj_f4/IOSTM.o
                0x0000000008004afc                CIO::interrupt()
 .text.TIM2_IRQHandler
                0x0000000008004c20       0x28 obj_f4/IOSTM.o
                0x0000000008004c20                TIM2_IRQHandler
 .text._ZN3CIO8startIntEv
                0x0000000008004c48      0x1c8 obj_f4/IOSTM.o
                0x0000000008004c48                CIO::startInt()
 .text._ZN3CIO9getCOSIntEv
                0x0000000008004e10       0x18 obj_f4/IOSTM.o
                0x0000000008004e10                CIO::getCOSInt()
 .text._ZN3CIO9setLEDIntEb
                0x0000000008004e28       0x10 obj_f4/IOSTM.o
                0x0000000008004e28                CIO::setLEDInt(bool)
 .text._ZN3CIO9setPTTIntEb
                0x0000000008004e38       0x10 obj_f4/IOSTM.o
                0x0000000008004e38                CIO::setPTTInt(bool)
 .text._ZN3CIO9setCOSIntEb
                0x0000000008004e48       0x10 obj_f4/IOSTM.o
                0x0000000008004e48                CIO::setCOSInt(bool)
 .text._ZN3CIO11setDStarIntEb
                0x0000000008004e58       0x10 obj_f4/IOSTM.o
                0x0000000008004e58                CIO::setDStarInt(bool)
 .text._ZN3CIO9setDMRIntEb
                0x0000000008004e68       0x10 obj_f4/IOSTM.o
                0x0000000008004e68                CIO::setDMRInt(bool)
 .text._ZN3CIO9setYSFIntEb
                0x0000000008004e78       0x10 obj_f4/IOSTM.o
                0x0000000008004e78                CIO::setYSFInt(bool)
 .text._ZN3CIO9setP25IntEb
                0x0000000008004e88       0x10 obj_f4/IOSTM.o
                0x0000000008004e88                CIO::setP25Int(bool)
 .text._ZN3CIO10setNXDNIntEb
                0x0000000008004e98       0x10 obj_f4/IOSTM.o
                0x0000000008004e98                CIO::setNXDNInt(bool)
 .text._ZN3CIO9setM17IntEb
                0x0000000008004ea8       0x24 obj_f4/IOSTM.o
                0x0000000008004ea8                CIO::setM17Int(bool)
 .text._ZN3CIO12setPOCSAGIntEb
                0x0000000008004ecc       0x24 obj_f4/IOSTM.o
                0x0000000008004ecc                CIO::setPOCSAGInt(bool)
 .text._ZN3CIO8setFMIntEb
                0x0000000008004ef0       0x24 obj_f4/IOSTM.o
                0x0000000008004ef0                CIO::setFMInt(bool)
 .text._ZN3CIO8delayIntEj
                0x0000000008004f14       0x20 obj_f4/IOSTM.o
                0x0000000008004f14                CIO::delayInt(unsigned int)
 .text._ZNK3CIO6getCPUEv
                0x0000000008004f34        0x4 obj_f4/IOSTM.o
                0x0000000008004f34                CIO::getCPU() const
 .text._ZN3CIO7getUDIDEPh
                0x0000000008004f38       0x10 obj_f4/IOSTM.o
                0x0000000008004f38                CIO::getUDID(unsigned char*)
 .text          0x0000000008004f48        0x0 obj_f4/DStarTX.o
 .text._ZN8CDStarTXC2Ev
                0x0000000008004f48       0x6c obj_f4/DStarTX.o
                0x0000000008004f48                CDStarTX::CDStarTX()
                0x0000000008004f48                CDStarTX::CDStarTX()
 .text._ZNK8CDStarTX8txHeaderEPKhPh
                0x0000000008004fb4      0x1f0 obj_f4/DStarTX.o
                0x0000000008004fb4                CDStarTX::txHeader(unsigned char const*, unsigned char*) const
 .text._ZN8CDStarTX9writeByteEh
                0x00000000080051a4       0x4c obj_f4/DStarTX.o
                0x00000000080051a4                CDStarTX::writeByte(unsigned char)
 .text._ZN8CDStarTX10setTXDelayEh
                0x00000000080051f0       0x1e obj_f4/DStarTX.o
                0x00000000080051f0                CDStarTX::setTXDelay(unsigned char)
 .text._ZNV11CRingBufferIhE3getERh
                0x000000000800520e       0x3e obj_f4/DStarTX.o
                0x000000000800520e                CRingBuffer<unsigned char>::get(unsigned char&) volatile
 .text._ZN8CDStarTX7processEv
                0x000000000800524c      0x1b4 obj_f4/DStarTX.o
                0x000000000800524c                CDStarTX::process()
 .text._ZNK8CDStarTX8getSpaceEv
                0x0000000008005400       0x10 obj_f4/DStarTX.o
                0x0000000008005400                CDStarTX::getSpace() const
 .text._ZNV11CRingBufferIhE3putEh
                0x0000000008005410       0x46 obj_f4/DStarTX.o
                0x0000000008005410                CRingBuffer<unsigned char>::put(unsigned char) volatile
 *fill*         0x0000000008005456        0x2 
 .text._ZN8CDStarTX11writeHeaderEPKht
                0x0000000008005458       0x4c obj_f4/DStarTX.o
                0x0000000008005458                CDStarTX::writeHeader(unsigned char const*, unsigned short)
 .text._ZN8CDStarTX9writeDataEPKht
                0x00000000080054a4       0x4c obj_f4/DStarTX.o
                0x00000000080054a4                CDStarTX::writeData(unsigned char const*, unsigned short)
 .text._ZN8CDStarTX8writeEOTEv
                0x00000000080054f0       0x2c obj_f4/DStarTX.o
                0x00000000080054f0                CDStarTX::writeEOT()
 .text          0x000000000800551c        0x0 obj_f4/DMRIdleRX.o
 .text._ZN10CDMRIdleRXC2Ev
                0x000000000800551c       0x3a obj_f4/DMRIdleRX.o
                0x000000000800551c                CDMRIdleRX::CDMRIdleRX()
                0x000000000800551c                CDMRIdleRX::CDMRIdleRX()
 .text._ZN10CDMRIdleRX5resetEv
                0x0000000008005556       0x18 obj_f4/DMRIdleRX.o
                0x0000000008005556                CDMRIdleRX::reset()
 *fill*         0x000000000800556e        0x2 
 .text._ZN10CDMRIdleRX13samplesToBitsEthPhtss
                0x0000000008005570       0xa8 obj_f4/DMRIdleRX.o
                0x0000000008005570                CDMRIdleRX::samplesToBits(unsigned short, unsigned char, unsigned char*, unsigned short, short, short)
 .text._ZN10CDMRIdleRX13processSampleEs
                0x0000000008005618      0x238 obj_f4/DMRIdleRX.o
                0x0000000008005618                CDMRIdleRX::processSample(short)
 .text._ZN10CDMRIdleRX7samplesEPKsh
                0x0000000008005850       0x1c obj_f4/DMRIdleRX.o
                0x0000000008005850                CDMRIdleRX::samples(short const*, unsigned char)
 .text._ZN10CDMRIdleRX12setColorCodeEh
                0x000000000800586c        0x6 obj_f4/DMRIdleRX.o
                0x000000000800586c                CDMRIdleRX::setColorCode(unsigned char)
 .text          0x0000000008005872        0x0 obj_f4/P25TX.o
 .text          0x0000000008005872        0x0 obj_f4/NXDNRX.o
 .text          0x0000000008005872        0x0 obj_f4/CalDStarRX.o
 .text._ZN11CCalDStarRXC2Ev
                0x0000000008005872       0x22 obj_f4/CalDStarRX.o
                0x0000000008005872                CCalDStarRX::CCalDStarRX()
                0x0000000008005872                CCalDStarRX::CCalDStarRX()
 .text._ZN11CCalDStarRX7processEs
                0x0000000008005894      0x100 obj_f4/CalDStarRX.o
                0x0000000008005894                CCalDStarRX::process(short)
 .text._ZN11CCalDStarRX7samplesEPKsh
                0x0000000008005994       0x66 obj_f4/CalDStarRX.o
                0x0000000008005994                CCalDStarRX::samples(short const*, unsigned char)
 .text          0x00000000080059fa        0x0 obj_f4/CalDMR.o
 *fill*         0x00000000080059fa        0x2 
 .text._ZN7CCalDMRC2Ev
                0x00000000080059fc       0x30 obj_f4/CalDMR.o
                0x00000000080059fc                CCalDMR::CCalDMR()
                0x00000000080059fc                CCalDMR::CCalDMR()
 .text._ZN7CCalDMR12createData1kEh
                0x0000000008005a2c       0x44 obj_f4/CalDMR.o
                0x0000000008005a2c                CCalDMR::createData1k(unsigned char)
 .text._ZN7CCalDMR15createDataDMO1kEh
                0x0000000008005a70       0x44 obj_f4/CalDMR.o
                0x0000000008005a70                CCalDMR::createDataDMO1k(unsigned char)
 .text._ZN7CCalDMR8dmr1kcalEv
                0x0000000008005ab4       0xd0 obj_f4/CalDMR.o
                0x0000000008005ab4                CCalDMR::dmr1kcal()
 .text._ZN7CCalDMR8dmrdmo1kEv
                0x0000000008005b84       0x88 obj_f4/CalDMR.o
                0x0000000008005b84                CCalDMR::dmrdmo1k()
 .text._ZN7CCalDMR7processEv
                0x0000000008005c0c       0x54 obj_f4/CalDMR.o
                0x0000000008005c0c                CCalDMR::process()
 .text._ZN7CCalDMR5writeEPKht
                0x0000000008005c60       0x34 obj_f4/CalDMR.o
                0x0000000008005c60                CCalDMR::write(unsigned char const*, unsigned short)
 .text          0x0000000008005c94        0x0 obj_f4/FM.o
 .text._ZN3CFM27relayingExtWaitStateSimplexEb.part.0
                0x0000000008005c94       0x44 obj_f4/FM.o
 .text._ZN14CFMDirectFormI6filterEs
                0x0000000008005cd8       0x3a obj_f4/FM.o
                0x0000000008005cd8                CFMDirectFormI::filter(short)
 .text._ZN3CFM5resetEv
                0x0000000008005d12       0xa2 obj_f4/FM.o
                0x0000000008005d12                CFM::reset()
 .text._ZN3CFM11setCallsignEPKchthhhhbbb
                0x0000000008005db4       0x80 obj_f4/FM.o
                0x0000000008005db4                CFM::setCallsign(char const*, unsigned char, unsigned short, unsigned char, unsigned char, unsigned char, unsigned char, bool, bool, bool)
 .text._ZN3CFM6setAckEPKchthth
                0x0000000008005e34       0x4e obj_f4/FM.o
                0x0000000008005e34                CFM::setAck(char const*, unsigned char, unsigned short, unsigned char, unsigned short, unsigned char)
 .text._ZN3CFM7setMiscEthhhhhhhhbbbhhhhh
                0x0000000008005e82       0xea obj_f4/FM.o
                0x0000000008005e82                CFM::setMisc(unsigned short, unsigned char, unsigned char, unsigned char, unsigned char, unsigned char, unsigned char, unsigned char, unsigned char, bool, bool, bool, unsigned char, unsigned char, unsigned char, unsigned char, unsigned char)
 .text._ZN3CFM6setExtEPKchhth
                0x0000000008005f6c       0x26 obj_f4/FM.o
                0x0000000008005f6c                CFM::setExt(char const*, unsigned char, unsigned char, unsigned short, unsigned char)
 *fill*         0x0000000008005f92        0x2 
 .text._ZN3CFM5clockEh
                0x0000000008005f94       0x8c obj_f4/FM.o
                0x0000000008005f94                CFM::clock(unsigned char)
 .text._ZN3CFM22relayingRFStateSimplexEb
                0x0000000008006020       0x78 obj_f4/FM.o
                0x0000000008006020                CFM::relayingRFStateSimplex(bool)
 .text._ZN3CFM26relayingRFWaitStateSimplexEb
                0x0000000008006098       0x70 obj_f4/FM.o
                0x0000000008006098                CFM::relayingRFWaitStateSimplex(bool)
 .text._ZN3CFM23relayingExtStateSimplexEb
                0x0000000008006108       0x5c obj_f4/FM.o
                0x0000000008006108                CFM::relayingExtStateSimplex(bool)
 .text._ZN3CFM27relayingExtWaitStateSimplexEb
                0x0000000008006164       0x30 obj_f4/FM.o
                0x0000000008006164                CFM::relayingExtWaitStateSimplex(bool)
 .text._ZN3CFM21timeoutRFStateSimplexEb
                0x0000000008006194       0x40 obj_f4/FM.o
                0x0000000008006194                CFM::timeoutRFStateSimplex(bool)
 .text._ZN3CFM25timeoutRFWaitStateSimplexEb
                0x00000000080061d4       0x70 obj_f4/FM.o
                0x00000000080061d4                CFM::timeoutRFWaitStateSimplex(bool)
 .text._ZN3CFM22timeoutExtStateSimplexEb
                0x0000000008006244       0x2c obj_f4/FM.o
                0x0000000008006244                CFM::timeoutExtStateSimplex(bool)
 .text._ZN3CFM26timeoutExtWaitStateSimplexEb
                0x0000000008006270       0x30 obj_f4/FM.o
                0x0000000008006270                CFM::timeoutExtWaitStateSimplex(bool)
 .text._ZN3CFM12sendCallsignEv
                0x00000000080062a0       0x4c obj_f4/FM.o
                0x00000000080062a0                CFM::sendCallsign()
 .text._ZN3CFM21kerchunkRFStateDuplexEb
                0x00000000080062ec       0xb0 obj_f4/FM.o
                0x00000000080062ec                CFM::kerchunkRFStateDuplex(bool)
 .text._ZN3CFM21relayingRFStateDuplexEb
                0x000000000800639c       0xa8 obj_f4/FM.o
                0x000000000800639c                CFM::relayingRFStateDuplex(bool)
 .text._ZN3CFM25relayingRFWaitStateDuplexEb
                0x0000000008006444       0xd0 obj_f4/FM.o
                0x0000000008006444                CFM::relayingRFWaitStateDuplex(bool)
 .text._ZN3CFM22kerchunkExtStateDuplexEb
                0x0000000008006514       0x8c obj_f4/FM.o
                0x0000000008006514                CFM::kerchunkExtStateDuplex(bool)
 .text._ZN3CFM22relayingExtStateDuplexEb
                0x00000000080065a0       0x88 obj_f4/FM.o
                0x00000000080065a0                CFM::relayingExtStateDuplex(bool)
 .text._ZN3CFM26relayingExtWaitStateDuplexEb
                0x0000000008006628       0xbc obj_f4/FM.o
                0x0000000008006628                CFM::relayingExtWaitStateDuplex(bool)
 .text._ZN3CFM20timeoutRFStateDuplexEb
                0x00000000080066e4       0x6c obj_f4/FM.o
                0x00000000080066e4                CFM::timeoutRFStateDuplex(bool)
 .text._ZN3CFM24timeoutRFWaitStateDuplexEb
                0x0000000008006750       0xc4 obj_f4/FM.o
                0x0000000008006750                CFM::timeoutRFWaitStateDuplex(bool)
 .text._ZN3CFM21timeoutExtStateDuplexEb
                0x0000000008006814       0x4c obj_f4/FM.o
                0x0000000008006814                CFM::timeoutExtStateDuplex(bool)
 .text._ZN3CFM25timeoutExtWaitStateDuplexEb
                0x0000000008006860       0xb0 obj_f4/FM.o
                0x0000000008006860                CFM::timeoutExtWaitStateDuplex(bool)
 .text._ZN3CFM13beginRelayingEv
                0x0000000008006910       0x18 obj_f4/FM.o
                0x0000000008006910                CFM::beginRelaying()
 .text._ZN3CFM15hangStateDuplexEbb
                0x0000000008006928       0xe0 obj_f4/FM.o
                0x0000000008006928                CFM::hangStateDuplex(bool, bool)
 .text._ZNK3CFM8getSpaceEv
                0x0000000008006a08       0x14 obj_f4/FM.o
                0x0000000008006a08                CFM::getSpace() const
 .text._ZN3CFM9writeDataEPKhh
                0x0000000008006a1c        0xe obj_f4/FM.o
                0x0000000008006a1c                CFM::writeData(unsigned char const*, unsigned char)
 .text._ZNV11CRingBufferIsE3putEs
                0x0000000008006a2a       0x48 obj_f4/FM.o
                0x0000000008006a2a                CRingBuffer<short>::put(short) volatile
 .text._ZN3CFM11insertDelayEt
                0x0000000008006a72       0x20 obj_f4/FM.o
                0x0000000008006a72                CFM::insertDelay(unsigned short)
 *fill*         0x0000000008006a92        0x2 
 .text._ZN3CFMC2Ev
                0x0000000008006a94      0x1d4 obj_f4/FM.o
                0x0000000008006a94                CFM::CFM()
                0x0000000008006a94                CFM::CFM()
 .text._ZN3CFM13insertSilenceEt
                0x0000000008006c68       0x20 obj_f4/FM.o
                0x0000000008006c68                CFM::insertSilence(unsigned short)
 .text._ZN3CFM20listeningStateDuplexEbb
                0x0000000008006c88      0x130 obj_f4/FM.o
                0x0000000008006c88                CFM::listeningStateDuplex(bool, bool)
 .text._ZN3CFM18duplexStateMachineEbb
                0x0000000008006db8       0xdc obj_f4/FM.o
                0x0000000008006db8                CFM::duplexStateMachine(bool, bool)
 .text._ZN3CFM21listeningStateSimplexEbb
                0x0000000008006e94       0x78 obj_f4/FM.o
                0x0000000008006e94                CFM::listeningStateSimplex(bool, bool)
 .text._ZN3CFM19simplexStateMachineEbb
                0x0000000008006f0c       0x9e obj_f4/FM.o
                0x0000000008006f0c                CFM::simplexStateMachine(bool, bool)
 *fill*         0x0000000008006faa        0x2 
 .text._ZN3CFM16linkStateMachineEbb
                0x0000000008006fac      0x114 obj_f4/FM.o
                0x0000000008006fac                CFM::linkStateMachine(bool, bool)
 .text._ZN3CFM12stateMachineEbb
                0x00000000080070c0       0x1c obj_f4/FM.o
                0x00000000080070c0                CFM::stateMachine(bool, bool)
 .text._ZNV11CRingBufferIsE3getERs
                0x00000000080070dc       0x40 obj_f4/FM.o
                0x00000000080070dc                CRingBuffer<short>::get(short&) volatile
 .text._ZN3CFM15repeaterSamplesEbPsh
                0x000000000800711c      0x2fc obj_f4/FM.o
                0x000000000800711c                CFM::repeaterSamples(bool, short*, unsigned char)
 .text._ZN3CFM11linkSamplesEbPsh
                0x0000000008007418      0x1c8 obj_f4/FM.o
                0x0000000008007418                CFM::linkSamples(bool, short*, unsigned char)
 .text._ZN3CFM7samplesEbPsh
                0x00000000080075e0       0x18 obj_f4/FM.o
                0x00000000080075e0                CFM::samples(bool, short*, unsigned char)
 .text._ZN3CFM7processEv
                0x00000000080075f8       0xe8 obj_f4/FM.o
                0x00000000080075f8                CFM::process()
 .text          0x00000000080076e0        0x0 obj_f4/Utils.o
 .text._Z10countBits8h
                0x00000000080076e0        0xc obj_f4/Utils.o
                0x00000000080076e0                countBits8(unsigned char)
 .text._Z11countBits16t
                0x00000000080076ec       0x14 obj_f4/Utils.o
                0x00000000080076ec                countBits16(unsigned short)
 .text._Z11countBits32m
                0x0000000008007700       0x28 obj_f4/Utils.o
                0x0000000008007700                countBits32(unsigned long)
 .text._Z11countBits64y
                0x0000000008007728       0x50 obj_f4/Utils.o
                0x0000000008007728                countBits64(unsigned long long)
 .text          0x0000000008007778        0x0 obj_f4/CalPOCSAG.o
 .text._ZN10CCalPOCSAGC2Ev
                0x0000000008007778        0x6 obj_f4/CalPOCSAG.o
                0x0000000008007778                CCalPOCSAG::CCalPOCSAG()
                0x0000000008007778                CCalPOCSAG::CCalPOCSAG()
 *fill*         0x000000000800777e        0x2 
 .text._ZN10CCalPOCSAG7processEv
                0x0000000008007780       0x28 obj_f4/CalPOCSAG.o
                0x0000000008007780                CCalPOCSAG::process()
 .text._ZN10CCalPOCSAG5writeEPKht
                0x00000000080077a8       0x16 obj_f4/CalPOCSAG.o
                0x00000000080077a8                CCalPOCSAG::write(unsigned char const*, unsigned short)
 .text          0x00000000080077be        0x0 obj_f4/FMTimeout.o
 .text._ZN10CFMTimeoutC2Ev
                0x00000000080077be       0x10 obj_f4/FMTimeout.o
                0x00000000080077be                CFMTimeout::CFMTimeout()
                0x00000000080077be                CFMTimeout::CFMTimeout()
 .text._ZN10CFMTimeout9setParamsEh
                0x00000000080077ce        0x8 obj_f4/FMTimeout.o
                0x00000000080077ce                CFMTimeout::setParams(unsigned char)
 *fill*         0x00000000080077d6        0x2 
 .text._ZN10CFMTimeout8getAudioEv
                0x00000000080077d8       0x50 obj_f4/FMTimeout.o
                0x00000000080077d8                CFMTimeout::getAudio()
 .text._ZN10CFMTimeout5startEv
                0x0000000008007828        0xc obj_f4/FMTimeout.o
                0x0000000008007828                CFMTimeout::start()
 .text._ZN10CFMTimeout4stopEv
                0x0000000008007834        0x6 obj_f4/FMTimeout.o
                0x0000000008007834                CFMTimeout::stop()
 .text          0x000000000800783a        0x0 obj_f4/STMUART.o
 .text._ZN8CSTMUARTC2Ev
                0x000000000800783a       0x1a obj_f4/STMUART.o
                0x000000000800783a                CSTMUART::CSTMUART()
                0x000000000800783a                CSTMUART::CSTMUART()
 .text._ZN8CSTMUART4initEP13USART_TypeDef
                0x0000000008007854        0x4 obj_f4/STMUART.o
                0x0000000008007854                CSTMUART::init(USART_TypeDef*)
 .text._ZN8CSTMUART5writeEPKht
                0x0000000008007858       0x68 obj_f4/STMUART.o
                0x0000000008007858                CSTMUART::write(unsigned char const*, unsigned short)
 .text._ZN8CSTMUART4readEv
                0x00000000080078c0       0x18 obj_f4/STMUART.o
                0x00000000080078c0                CSTMUART::read()
 .text._ZN8CSTMUART9handleIRQEv
                0x00000000080078d8       0xc0 obj_f4/STMUART.o
                0x00000000080078d8                CSTMUART::handleIRQ()
 .text._ZN8CSTMUART5flushEv
                0x0000000008007998       0x16 obj_f4/STMUART.o
                0x0000000008007998                CSTMUART::flush()
 .text._ZN8CSTMUART9availableEv
                0x00000000080079ae       0x14 obj_f4/STMUART.o
                0x00000000080079ae                CSTMUART::available()
 .text._ZN8CSTMUART17availableForWriteEv
                0x00000000080079c2       0x1e obj_f4/STMUART.o
                0x00000000080079c2                CSTMUART::availableForWrite()
 .text          0x00000000080079e0        0x0 obj_f4/DMRTX.o
 .text._ZN6CDMRTXC2Ev
                0x00000000080079e0       0xf8 obj_f4/DMRTX.o
                0x00000000080079e0                CDMRTX::CDMRTX()
                0x00000000080079e0                CDMRTX::CDMRTX()
 .text._ZN6CDMRTX12writeShortLCEPKht
                0x0000000008007ad8       0x68 obj_f4/DMRTX.o
                0x0000000008007ad8                CDMRTX::writeShortLC(unsigned char const*, unsigned short)
 .text._ZN6CDMRTX10writeAbortEPKht
                0x0000000008007b40       0x2c obj_f4/DMRTX.o
                0x0000000008007b40                CDMRTX::writeAbort(unsigned char const*, unsigned short)
 .text._ZN6CDMRTX8setStartEb
                0x0000000008007b6c       0x14 obj_f4/DMRTX.o
                0x0000000008007b6c                CDMRTX::setStart(bool)
 .text._ZN6CDMRTX6setCalEb
                0x0000000008007b80        0xe obj_f4/DMRTX.o
                0x0000000008007b80                CDMRTX::setCal(bool)
 *fill*         0x0000000008007b8e        0x2 
 .text._ZN6CDMRTX9writeByteEhh
                0x0000000008007b90       0x88 obj_f4/DMRTX.o
                0x0000000008007b90                CDMRTX::writeByte(unsigned char, unsigned char)
 .text._ZN6CDMRTX9createCalEv
                0x0000000008007c18       0x74 obj_f4/DMRTX.o
                0x0000000008007c18                CDMRTX::createCal()
 .text._ZN6CDMRTX12setColorCodeEh
                0x0000000008007c8c       0x30 obj_f4/DMRTX.o
                0x0000000008007c8c                CDMRTX::setColorCode(unsigned char)
 .text._ZN6CDMRTX10resetFifo1Ev
                0x0000000008007cbc        0xc obj_f4/DMRTX.o
                0x0000000008007cbc                CDMRTX::resetFifo1()
 .text._ZN6CDMRTX10resetFifo2Ev
                0x0000000008007cc8        0xc obj_f4/DMRTX.o
                0x0000000008007cc8                CDMRTX::resetFifo2()
 .text._ZN6CDMRTX13getFrameCountEv
                0x0000000008007cd4        0x6 obj_f4/DMRTX.o
                0x0000000008007cd4                CDMRTX::getFrameCount()
 .text._ZNK6CDMRTX9getSpace1Ev
                0x0000000008007cda       0x10 obj_f4/DMRTX.o
                0x0000000008007cda                CDMRTX::getSpace1() const
 .text._ZNK6CDMRTX9getSpace2Ev
                0x0000000008007cea       0x12 obj_f4/DMRTX.o
                0x0000000008007cea                CDMRTX::getSpace2() const
 .text._ZN6CDMRTX10writeData1EPKht
                0x0000000008007cfc       0x88 obj_f4/DMRTX.o
                0x0000000008007cfc                CDMRTX::writeData1(unsigned char const*, unsigned short)
 .text._ZN6CDMRTX10writeData2EPKht
                0x0000000008007d84       0x8c obj_f4/DMRTX.o
                0x0000000008007d84                CDMRTX::writeData2(unsigned char const*, unsigned short)
 .text._ZN6CDMRTX10createCACHEhh
                0x0000000008007e10      0x128 obj_f4/DMRTX.o
                0x0000000008007e10                CDMRTX::createCACH(unsigned char, unsigned char)
 .text._ZN6CDMRTX10createDataEh
                0x0000000008007f38       0x9e obj_f4/DMRTX.o
                0x0000000008007f38                CDMRTX::createData(unsigned char)
 *fill*         0x0000000008007fd6        0x2 
 .text._ZN6CDMRTX7processEv
                0x0000000008007fd8       0xa4 obj_f4/DMRTX.o
                0x0000000008007fd8                CDMRTX::process()
 .text          0x000000000800807c        0x0 obj_f4/FMNoiseSquelch.o
 .text._ZN15CFMNoiseSquelchC2Ev
                0x000000000800807c       0x10 obj_f4/FMNoiseSquelch.o
                0x000000000800807c                CFMNoiseSquelch::CFMNoiseSquelch()
                0x000000000800807c                CFMNoiseSquelch::CFMNoiseSquelch()
 .text._ZN15CFMNoiseSquelch9setParamsEhh
                0x000000000800808c        0x6 obj_f4/FMNoiseSquelch.o
                0x000000000800808c                CFMNoiseSquelch::setParams(unsigned char, unsigned char)
 *fill*         0x0000000008008092        0x2 
 .text._ZN15CFMNoiseSquelch7processEs
                0x0000000008008094      0x108 obj_f4/FMNoiseSquelch.o
                0x0000000008008094                CFMNoiseSquelch::process(short)
 .text._ZN15CFMNoiseSquelch5resetEv
                0x000000000800819c        0xc obj_f4/FMNoiseSquelch.o
                0x000000000800819c                CFMNoiseSquelch::reset()
 .text          0x00000000080081a8        0x0 obj_f4/DMRDMORX.o
 .text._ZN9CDMRDMORXC2Ev
                0x00000000080081a8       0x66 obj_f4/DMRDMORX.o
                0x00000000080081a8                CDMRDMORX::CDMRDMORX()
                0x00000000080081a8                CDMRDMORX::CDMRDMORX()
 .text._ZN9CDMRDMORX5resetEv
                0x000000000800820e       0x20 obj_f4/DMRDMORX.o
                0x000000000800820e                CDMRDMORX::reset()
 *fill*         0x000000000800822e        0x2 
 .text._ZN9CDMRDMORX13samplesToBitsEthPhtss
                0x0000000008008230       0xa8 obj_f4/DMRDMORX.o
                0x0000000008008230                CDMRDMORX::samplesToBits(unsigned short, unsigned char, unsigned char*, unsigned short, short, short)
 .text._ZN9CDMRDMORX13correlateSyncEb
                0x00000000080082d8      0x274 obj_f4/DMRDMORX.o
                0x00000000080082d8                CDMRDMORX::correlateSync(bool)
 .text._ZN9CDMRDMORX12setColorCodeEh
                0x000000000800854c        0x6 obj_f4/DMRDMORX.o
                0x000000000800854c                CDMRDMORX::setColorCode(unsigned char)
 *fill*         0x0000000008008552        0x2 
 .text._ZN9CDMRDMORX13writeRSSIDataEPh
                0x0000000008008554       0x5c obj_f4/DMRDMORX.o
                0x0000000008008554                CDMRDMORX::writeRSSIData(unsigned char*)
 .text._ZN9CDMRDMORX13processSampleEst
                0x00000000080085b0      0x304 obj_f4/DMRDMORX.o
                0x00000000080085b0                CDMRDMORX::processSample(short, unsigned short)
 .text._ZN9CDMRDMORX7samplesEPKsPKth
                0x00000000080088b4       0x38 obj_f4/DMRDMORX.o
                0x00000000080088b4                CDMRDMORX::samples(short const*, unsigned short const*, unsigned char)
 .text          0x00000000080088ec        0x0 obj_f4/M17TX.o
 .text          0x00000000080088ec        0x0 obj_f4/CalFM.o
 .text._ZN6CCalFMC2Ev
                0x00000000080088ec       0x10 obj_f4/CalFM.o
                0x00000000080088ec                CCalFM::CCalFM()
                0x00000000080088ec                CCalFM::CCalFM()
 .text._ZN6CCalFM7processEv
                0x00000000080088fc      0x120 obj_f4/CalFM.o
                0x00000000080088fc                CCalFM::process()
 .text._ZN6CCalFM5writeEPKht
                0x0000000008008a1c       0x16 obj_f4/CalFM.o
                0x0000000008008a1c                CCalFM::write(unsigned char const*, unsigned short)
 .text          0x0000000008008a32        0x0 obj_f4/DMRSlotRX.o
 .text._ZN10CDMRSlotRXC2Eb
                0x0000000008008a32       0x66 obj_f4/DMRSlotRX.o
                0x0000000008008a32                CDMRSlotRX::CDMRSlotRX(bool)
                0x0000000008008a32                CDMRSlotRX::CDMRSlotRX(bool)
 .text._ZN10CDMRSlotRX5startEv
                0x0000000008008a98       0x14 obj_f4/DMRSlotRX.o
                0x0000000008008a98                CDMRSlotRX::start()
 .text._ZN10CDMRSlotRX5resetEv
                0x0000000008008aac       0x24 obj_f4/DMRSlotRX.o
                0x0000000008008aac                CDMRSlotRX::reset()
 .text._ZN10CDMRSlotRX13samplesToBitsEthPhtss
                0x0000000008008ad0       0x9c obj_f4/DMRSlotRX.o
                0x0000000008008ad0                CDMRSlotRX::samplesToBits(unsigned short, unsigned char, unsigned char*, unsigned short, short, short)
 .text._ZN10CDMRSlotRX13correlateSyncEb
                0x0000000008008b6c      0x234 obj_f4/DMRSlotRX.o
                0x0000000008008b6c                CDMRSlotRX::correlateSync(bool)
 .text._ZN10CDMRSlotRX12setColorCodeEh
                0x0000000008008da0        0x6 obj_f4/DMRSlotRX.o
                0x0000000008008da0                CDMRSlotRX::setColorCode(unsigned char)
 .text._ZN10CDMRSlotRX8setDelayEh
                0x0000000008008da6        0x6 obj_f4/DMRSlotRX.o
                0x0000000008008da6                CDMRSlotRX::setDelay(unsigned char)
 .text._ZN10CDMRSlotRX13writeRSSIDataEPh
                0x0000000008008dac       0x50 obj_f4/DMRSlotRX.o
                0x0000000008008dac                CDMRSlotRX::writeRSSIData(unsigned char*)
 .text._ZN10CDMRSlotRX13processSampleEst
                0x0000000008008dfc      0x33c obj_f4/DMRSlotRX.o
                0x0000000008008dfc                CDMRSlotRX::processSample(short, unsigned short)
 .text          0x0000000008009138        0x0 obj_f4/IOTeensy.o
 .text          0x0000000008009138        0x0 obj_f4/DMRRX.o
 .text._ZN6CDMRRXC2Ev
                0x0000000008009138       0x18 obj_f4/DMRRX.o
                0x0000000008009138                CDMRRX::CDMRRX()
                0x0000000008009138                CDMRRX::CDMRRX()
 .text._ZN6CDMRRX7samplesEPKsPKtPKhh
                0x0000000008009150       0x70 obj_f4/DMRRX.o
                0x0000000008009150                CDMRRX::samples(short const*, unsigned short const*, unsigned char const*, unsigned char)
 .text._ZN6CDMRRX12setColorCodeEh
                0x00000000080091c0       0x18 obj_f4/DMRRX.o
                0x00000000080091c0                CDMRRX::setColorCode(unsigned char)
 .text._ZN6CDMRRX8setDelayEh
                0x00000000080091d8       0x18 obj_f4/DMRRX.o
                0x00000000080091d8                CDMRRX::setDelay(unsigned char)
 .text._ZN6CDMRRX5resetEv
                0x00000000080091f0       0x14 obj_f4/DMRRX.o
                0x00000000080091f0                CDMRRX::reset()
 .text          0x0000000008009204        0x0 obj_f4/CalP25.o
 .text          0x0000000008009204        0x0 obj_f4/DMRSlotType.o
 .text._ZN12CDMRSlotTypeC2Ev
                0x0000000008009204        0x2 obj_f4/DMRSlotType.o
                0x0000000008009204                CDMRSlotType::CDMRSlotType()
                0x0000000008009204                CDMRSlotType::CDMRSlotType()
 *fill*         0x0000000008009206        0x2 
 .text._ZNK12CDMRSlotType15getSyndrome1987Em
                0x0000000008009208       0x2c obj_f4/DMRSlotType.o
                0x0000000008009208                CDMRSlotType::getSyndrome1987(unsigned long) const
 .text._ZNK12CDMRSlotType10decode2087EPKh
                0x0000000008009234       0x2c obj_f4/DMRSlotType.o
                0x0000000008009234                CDMRSlotType::decode2087(unsigned char const*) const
 .text._ZNK12CDMRSlotType6decodeEPKhRhS2_
                0x0000000008009260       0x4c obj_f4/DMRSlotType.o
                0x0000000008009260                CDMRSlotType::decode(unsigned char const*, unsigned char&, unsigned char&) const
 .text._ZNK12CDMRSlotType6encodeEhhPh
                0x00000000080092ac       0x60 obj_f4/DMRSlotType.o
                0x00000000080092ac                CDMRSlotType::encode(unsigned char, unsigned char, unsigned char*) const
 .text          0x000000000800930c        0x0 obj_f4/NXDNTX.o
 .text          0x000000000800930c        0x0 obj_f4/CalRSSI.o
 .text._ZN8CCalRSSIC2Ev
                0x000000000800930c        0xe obj_f4/CalRSSI.o
                0x000000000800930c                CCalRSSI::CCalRSSI()
                0x000000000800930c                CCalRSSI::CCalRSSI()
 *fill*         0x000000000800931a        0x2 
 .text._ZN8CCalRSSI7samplesEPKth
                0x000000000800931c       0x74 obj_f4/CalRSSI.o
                0x000000000800931c                CCalRSSI::samples(unsigned short const*, unsigned char)
 .text          0x0000000008009390        0x0 obj_f4/CalDStarTX.o
 .text._ZN11CCalDStarTXC2Ev
                0x0000000008009390        0x8 obj_f4/CalDStarTX.o
                0x0000000008009390                CCalDStarTX::CCalDStarTX()
                0x0000000008009390                CCalDStarTX::CCalDStarTX()
 .text._ZN11CCalDStarTX7processEv
                0x0000000008009398      0x208 obj_f4/CalDStarTX.o
                0x0000000008009398                CCalDStarTX::process()
 .text._ZN11CCalDStarTX5writeEPKht
                0x00000000080095a0       0x44 obj_f4/CalDStarTX.o
                0x00000000080095a0                CCalDStarTX::write(unsigned char const*, unsigned short)
 .text          0x00000000080095e4        0x0 obj_f4/SerialSTM.o
 .text.USART2_IRQHandler
                0x00000000080095e4        0xc obj_f4/SerialSTM.o
                0x00000000080095e4                USART2_IRQHandler
 .text._Z10InitUSART2i
                0x00000000080095f0       0xa4 obj_f4/SerialSTM.o
                0x00000000080095f0                InitUSART2(int)
 .text.UART5_IRQHandler
                0x0000000008009694        0xc obj_f4/SerialSTM.o
                0x0000000008009694                UART5_IRQHandler
 .text._Z9InitUART5i
                0x00000000080096a0       0xc0 obj_f4/SerialSTM.o
                0x00000000080096a0                InitUART5(int)
 .text._ZN11CSerialPort8beginIntEhi
                0x0000000008009760       0x14 obj_f4/SerialSTM.o
                0x0000000008009760                CSerialPort::beginInt(unsigned char, int)
 .text._ZN11CSerialPort19availableForReadIntEh
                0x0000000008009774       0x24 obj_f4/SerialSTM.o
                0x0000000008009774                CSerialPort::availableForReadInt(unsigned char)
 .text._ZN11CSerialPort20availableForWriteIntEh
                0x0000000008009798       0x24 obj_f4/SerialSTM.o
                0x0000000008009798                CSerialPort::availableForWriteInt(unsigned char)
 .text._ZN11CSerialPort7readIntEh
                0x00000000080097bc       0x20 obj_f4/SerialSTM.o
                0x00000000080097bc                CSerialPort::readInt(unsigned char)
 .text._ZN11CSerialPort8writeIntEhPKhtb
                0x00000000080097dc       0x40 obj_f4/SerialSTM.o
                0x00000000080097dc                CSerialPort::writeInt(unsigned char, unsigned char const*, unsigned short, bool)
 .text.startup._GLOBAL__sub_I_USART2_IRQHandler
                0x000000000800981c       0x1c obj_f4/SerialSTM.o
 .text          0x0000000008009838        0x0 obj_f4/P25RX.o
 .text          0x0000000008009838        0x0 obj_f4/CWIdTX.o
 .text._ZN7CCWIdTXC2Ev
                0x0000000008009838       0x1e obj_f4/CWIdTX.o
                0x0000000008009838                CCWIdTX::CCWIdTX()
                0x0000000008009838                CCWIdTX::CCWIdTX()
 *fill*         0x0000000008009856        0x2 
 .text._ZN7CCWIdTX7processEv
                0x0000000008009858       0x9c obj_f4/CWIdTX.o
                0x0000000008009858                CCWIdTX::process()
 .text._ZN7CCWIdTX5writeEPKht
                0x00000000080098f4       0xe4 obj_f4/CWIdTX.o
                0x00000000080098f4                CCWIdTX::write(unsigned char const*, unsigned short)
 .text._ZN7CCWIdTX5resetEv
                0x00000000080099d8       0x10 obj_f4/CWIdTX.o
                0x00000000080099d8                CCWIdTX::reset()
 .text          0x00000000080099e8        0x0 obj_f4/stm32f4xx_gpio.o
 .text.GPIO_DeInit
                0x00000000080099e8      0x120 obj_f4/stm32f4xx_gpio.o
                0x00000000080099e8                GPIO_DeInit
 .text.GPIO_Init
                0x0000000008009b08       0x84 obj_f4/stm32f4xx_gpio.o
                0x0000000008009b08                GPIO_Init
 .text.GPIO_StructInit
                0x0000000008009b8c        0xc obj_f4/stm32f4xx_gpio.o
                0x0000000008009b8c                GPIO_StructInit
 .text.GPIO_PinLockConfig
                0x0000000008009b98       0x24 obj_f4/stm32f4xx_gpio.o
                0x0000000008009b98                GPIO_PinLockConfig
 .text.GPIO_ReadInputDataBit
                0x0000000008009bbc        0xc obj_f4/stm32f4xx_gpio.o
                0x0000000008009bbc                GPIO_ReadInputDataBit
 .text.GPIO_ReadInputData
                0x0000000008009bc8        0x6 obj_f4/stm32f4xx_gpio.o
                0x0000000008009bc8                GPIO_ReadInputData
 .text.GPIO_ReadOutputDataBit
                0x0000000008009bce        0xc obj_f4/stm32f4xx_gpio.o
                0x0000000008009bce                GPIO_ReadOutputDataBit
 .text.GPIO_ReadOutputData
                0x0000000008009bda        0x6 obj_f4/stm32f4xx_gpio.o
                0x0000000008009bda                GPIO_ReadOutputData
 .text.GPIO_SetBits
                0x0000000008009be0        0x4 obj_f4/stm32f4xx_gpio.o
                0x0000000008009be0                GPIO_SetBits
 .text.GPIO_ResetBits
                0x0000000008009be4        0x4 obj_f4/stm32f4xx_gpio.o
                0x0000000008009be4                GPIO_ResetBits
 .text.GPIO_WriteBit
                0x0000000008009be8        0xa obj_f4/stm32f4xx_gpio.o
                0x0000000008009be8                GPIO_WriteBit
 .text.GPIO_Write
                0x0000000008009bf2        0x4 obj_f4/stm32f4xx_gpio.o
                0x0000000008009bf2                GPIO_Write
 .text.GPIO_ToggleBits
                0x0000000008009bf6        0x8 obj_f4/stm32f4xx_gpio.o
                0x0000000008009bf6                GPIO_ToggleBits
 .text.GPIO_PinAFConfig
                0x0000000008009bfe       0x24 obj_f4/stm32f4xx_gpio.o
                0x0000000008009bfe                GPIO_PinAFConfig
 .text          0x0000000008009c22        0x0 obj_f4/stm32f4xx_dac.o
 .text.DAC_DeInit
                0x0000000008009c22       0x1a obj_f4/stm32f4xx_dac.o
                0x0000000008009c22                DAC_DeInit
 .text.DAC_Init
                0x0000000008009c3c       0x2c obj_f4/stm32f4xx_dac.o
                0x0000000008009c3c                DAC_Init
 .text.DAC_StructInit
                0x0000000008009c68        0xc obj_f4/stm32f4xx_dac.o
                0x0000000008009c68                DAC_StructInit
 .text.DAC_Cmd  0x0000000008009c74       0x1c obj_f4/stm32f4xx_dac.o
                0x0000000008009c74                DAC_Cmd
 .text.DAC_SoftwareTriggerCmd
                0x0000000008009c90       0x20 obj_f4/stm32f4xx_dac.o
                0x0000000008009c90                DAC_SoftwareTriggerCmd
 .text.DAC_DualSoftwareTriggerCmd
                0x0000000008009cb0       0x18 obj_f4/stm32f4xx_dac.o
                0x0000000008009cb0                DAC_DualSoftwareTriggerCmd
 .text.DAC_WaveGenerationCmd
                0x0000000008009cc8       0x18 obj_f4/stm32f4xx_dac.o
                0x0000000008009cc8                DAC_WaveGenerationCmd
 .text.DAC_SetChannel1Data
                0x0000000008009ce0       0x20 obj_f4/stm32f4xx_dac.o
                0x0000000008009ce0                DAC_SetChannel1Data
 .text.DAC_SetChannel2Data
                0x0000000008009d00       0x20 obj_f4/stm32f4xx_dac.o
                0x0000000008009d00                DAC_SetChannel2Data
 .text.DAC_SetDualChannelData
                0x0000000008009d20       0x18 obj_f4/stm32f4xx_dac.o
                0x0000000008009d20                DAC_SetDualChannelData
 .text.DAC_GetDataOutputValue
                0x0000000008009d38       0x24 obj_f4/stm32f4xx_dac.o
                0x0000000008009d38                DAC_GetDataOutputValue
 .text.DAC_DMACmd
                0x0000000008009d5c       0x20 obj_f4/stm32f4xx_dac.o
                0x0000000008009d5c                DAC_DMACmd
 .text.DAC_ITConfig
                0x0000000008009d7c        0x4 obj_f4/stm32f4xx_dac.o
                0x0000000008009d7c                DAC_ITConfig
 .text.DAC_GetFlagStatus
                0x0000000008009d80       0x18 obj_f4/stm32f4xx_dac.o
                0x0000000008009d80                DAC_GetFlagStatus
 .text.DAC_ClearFlag
                0x0000000008009d98       0x10 obj_f4/stm32f4xx_dac.o
                0x0000000008009d98                DAC_ClearFlag
 .text.DAC_GetITStatus
                0x0000000008009da8       0x1c obj_f4/stm32f4xx_dac.o
                0x0000000008009da8                DAC_GetITStatus
 .text.DAC_ClearITPendingBit
                0x0000000008009dc4       0x10 obj_f4/stm32f4xx_dac.o
                0x0000000008009dc4                DAC_ClearITPendingBit
 .text          0x0000000008009dd4        0x0 obj_f4/stm32f4xx_i2c.o
 .text.I2C_DeInit
                0x0000000008009dd4       0x60 obj_f4/stm32f4xx_i2c.o
                0x0000000008009dd4                I2C_DeInit
 .text.I2C_Init
                0x0000000008009e34       0xd0 obj_f4/stm32f4xx_i2c.o
                0x0000000008009e34                I2C_Init
 .text.I2C_StructInit
                0x0000000008009f04       0x1c obj_f4/stm32f4xx_i2c.o
                0x0000000008009f04                I2C_StructInit
 .text.I2C_Cmd  0x0000000008009f20       0x18 obj_f4/stm32f4xx_i2c.o
                0x0000000008009f20                I2C_Cmd
 .text.I2C_AnalogFilterCmd
                0x0000000008009f38       0x18 obj_f4/stm32f4xx_i2c.o
                0x0000000008009f38                I2C_AnalogFilterCmd
 .text.I2C_DigitalFilterConfig
                0x0000000008009f50       0x12 obj_f4/stm32f4xx_i2c.o
                0x0000000008009f50                I2C_DigitalFilterConfig
 .text.I2C_GenerateSTART
                0x0000000008009f62       0x18 obj_f4/stm32f4xx_i2c.o
                0x0000000008009f62                I2C_GenerateSTART
 .text.I2C_GenerateSTOP
                0x0000000008009f7a       0x18 obj_f4/stm32f4xx_i2c.o
                0x0000000008009f7a                I2C_GenerateSTOP
 .text.I2C_Send7bitAddress
                0x0000000008009f92       0x12 obj_f4/stm32f4xx_i2c.o
                0x0000000008009f92                I2C_Send7bitAddress
 .text.I2C_AcknowledgeConfig
                0x0000000008009fa4       0x18 obj_f4/stm32f4xx_i2c.o
                0x0000000008009fa4                I2C_AcknowledgeConfig
 .text.I2C_OwnAddress2Config
                0x0000000008009fbc       0x12 obj_f4/stm32f4xx_i2c.o
                0x0000000008009fbc                I2C_OwnAddress2Config
 .text.I2C_DualAddressCmd
                0x0000000008009fce       0x18 obj_f4/stm32f4xx_i2c.o
                0x0000000008009fce                I2C_DualAddressCmd
 .text.I2C_GeneralCallCmd
                0x0000000008009fe6       0x18 obj_f4/stm32f4xx_i2c.o
                0x0000000008009fe6                I2C_GeneralCallCmd
 .text.I2C_SoftwareResetCmd
                0x0000000008009ffe       0x18 obj_f4/stm32f4xx_i2c.o
                0x0000000008009ffe                I2C_SoftwareResetCmd
 .text.I2C_StretchClockCmd
                0x000000000800a016       0x18 obj_f4/stm32f4xx_i2c.o
                0x000000000800a016                I2C_StretchClockCmd
 .text.I2C_FastModeDutyCycleConfig
                0x000000000800a02e       0x1c obj_f4/stm32f4xx_i2c.o
                0x000000000800a02e                I2C_FastModeDutyCycleConfig
 .text.I2C_NACKPositionConfig
                0x000000000800a04a       0x1c obj_f4/stm32f4xx_i2c.o
                0x000000000800a04a                I2C_NACKPositionConfig
 .text.I2C_SMBusAlertConfig
                0x000000000800a066       0x1c obj_f4/stm32f4xx_i2c.o
                0x000000000800a066                I2C_SMBusAlertConfig
 .text.I2C_ARPCmd
                0x000000000800a082       0x18 obj_f4/stm32f4xx_i2c.o
                0x000000000800a082                I2C_ARPCmd
 .text.I2C_SendData
                0x000000000800a09a        0x4 obj_f4/stm32f4xx_i2c.o
                0x000000000800a09a                I2C_SendData
 .text.I2C_ReceiveData
                0x000000000800a09e        0x6 obj_f4/stm32f4xx_i2c.o
                0x000000000800a09e                I2C_ReceiveData
 .text.I2C_TransmitPEC
                0x000000000800a0a4       0x18 obj_f4/stm32f4xx_i2c.o
                0x000000000800a0a4                I2C_TransmitPEC
 .text.I2C_PECPositionConfig
                0x000000000800a0bc        0x4 obj_f4/stm32f4xx_i2c.o
                0x000000000800a0bc                I2C_PECPositionConfig
 .text.I2C_CalculatePEC
                0x000000000800a0c0       0x18 obj_f4/stm32f4xx_i2c.o
                0x000000000800a0c0                I2C_CalculatePEC
 .text.I2C_GetPEC
                0x000000000800a0d8        0x8 obj_f4/stm32f4xx_i2c.o
                0x000000000800a0d8                I2C_GetPEC
 .text.I2C_DMACmd
                0x000000000800a0e0       0x18 obj_f4/stm32f4xx_i2c.o
                0x000000000800a0e0                I2C_DMACmd
 .text.I2C_DMALastTransferCmd
                0x000000000800a0f8       0x18 obj_f4/stm32f4xx_i2c.o
                0x000000000800a0f8                I2C_DMALastTransferCmd
 .text.I2C_ReadRegister
                0x000000000800a110       0x18 obj_f4/stm32f4xx_i2c.o
                0x000000000800a110                I2C_ReadRegister
 .text.I2C_ITConfig
                0x000000000800a128       0x12 obj_f4/stm32f4xx_i2c.o
                0x000000000800a128                I2C_ITConfig
 .text.I2C_CheckEvent
                0x000000000800a13a       0x18 obj_f4/stm32f4xx_i2c.o
                0x000000000800a13a                I2C_CheckEvent
 .text.I2C_GetLastEvent
                0x000000000800a152       0x10 obj_f4/stm32f4xx_i2c.o
                0x000000000800a152                I2C_GetLastEvent
 .text.I2C_GetFlagStatus
                0x000000000800a162       0x34 obj_f4/stm32f4xx_i2c.o
                0x000000000800a162                I2C_GetFlagStatus
 .text.I2C_ClearFlag
                0x000000000800a196        0x8 obj_f4/stm32f4xx_i2c.o
                0x000000000800a196                I2C_ClearFlag
 .text.I2C_GetITStatus
                0x000000000800a19e       0x1c obj_f4/stm32f4xx_i2c.o
                0x000000000800a19e                I2C_GetITStatus
 .text.I2C_ClearITPendingBit
                0x000000000800a1ba        0x8 obj_f4/stm32f4xx_i2c.o
                0x000000000800a1ba                I2C_ClearITPendingBit
 .text          0x000000000800a1c2        0x0 obj_f4/stm32f4xx_rcc.o
 *fill*         0x000000000800a1c2        0x2 
 .text.RCC_DeInit
                0x000000000800a1c4       0x48 obj_f4/stm32f4xx_rcc.o
                0x000000000800a1c4                RCC_DeInit
 .text.RCC_HSEConfig
                0x000000000800a20c       0x10 obj_f4/stm32f4xx_rcc.o
                0x000000000800a20c                RCC_HSEConfig
 .text.RCC_AdjustHSICalibrationValue
                0x000000000800a21c       0x14 obj_f4/stm32f4xx_rcc.o
                0x000000000800a21c                RCC_AdjustHSICalibrationValue
 .text.RCC_HSICmd
                0x000000000800a230        0xc obj_f4/stm32f4xx_rcc.o
                0x000000000800a230                RCC_HSICmd
 .text.RCC_LSEConfig
                0x000000000800a23c       0x20 obj_f4/stm32f4xx_rcc.o
                0x000000000800a23c                RCC_LSEConfig
 .text.RCC_LSICmd
                0x000000000800a25c        0xc obj_f4/stm32f4xx_rcc.o
                0x000000000800a25c                RCC_LSICmd
 .text.RCC_PLLConfig
                0x000000000800a268       0x28 obj_f4/stm32f4xx_rcc.o
                0x000000000800a268                RCC_PLLConfig
 .text.RCC_PLLCmd
                0x000000000800a290        0xc obj_f4/stm32f4xx_rcc.o
                0x000000000800a290                RCC_PLLCmd
 .text.RCC_PLLI2SConfig
                0x000000000800a29c       0x24 obj_f4/stm32f4xx_rcc.o
                0x000000000800a29c                RCC_PLLI2SConfig
 .text.RCC_PLLI2SCmd
                0x000000000800a2c0        0xc obj_f4/stm32f4xx_rcc.o
                0x000000000800a2c0                RCC_PLLI2SCmd
 .text.RCC_PLLSAIConfig
                0x000000000800a2cc       0x1c obj_f4/stm32f4xx_rcc.o
                0x000000000800a2cc                RCC_PLLSAIConfig
 .text.RCC_PLLSAICmd
                0x000000000800a2e8        0xc obj_f4/stm32f4xx_rcc.o
                0x000000000800a2e8                RCC_PLLSAICmd
 .text.RCC_ClockSecuritySystemCmd
                0x000000000800a2f4        0xc obj_f4/stm32f4xx_rcc.o
                0x000000000800a2f4                RCC_ClockSecuritySystemCmd
 .text.RCC_MCO1Config
                0x000000000800a300       0x14 obj_f4/stm32f4xx_rcc.o
                0x000000000800a300                RCC_MCO1Config
 .text.RCC_MCO2Config
                0x000000000800a314       0x14 obj_f4/stm32f4xx_rcc.o
                0x000000000800a314                RCC_MCO2Config
 .text.RCC_SYSCLKConfig
                0x000000000800a328       0x14 obj_f4/stm32f4xx_rcc.o
                0x000000000800a328                RCC_SYSCLKConfig
 .text.RCC_GetSYSCLKSource
                0x000000000800a33c       0x10 obj_f4/stm32f4xx_rcc.o
                0x000000000800a33c                RCC_GetSYSCLKSource
 .text.RCC_HCLKConfig
                0x000000000800a34c       0x14 obj_f4/stm32f4xx_rcc.o
                0x000000000800a34c                RCC_HCLKConfig
 .text.RCC_PCLK1Config
                0x000000000800a360       0x14 obj_f4/stm32f4xx_rcc.o
                0x000000000800a360                RCC_PCLK1Config
 .text.RCC_PCLK2Config
                0x000000000800a374       0x14 obj_f4/stm32f4xx_rcc.o
                0x000000000800a374                RCC_PCLK2Config
 .text.RCC_GetClocksFreq
                0x000000000800a388       0xb0 obj_f4/stm32f4xx_rcc.o
                0x000000000800a388                RCC_GetClocksFreq
 .text.RCC_RTCCLKConfig
                0x000000000800a438       0x30 obj_f4/stm32f4xx_rcc.o
                0x000000000800a438                RCC_RTCCLKConfig
 .text.RCC_RTCCLKCmd
                0x000000000800a468        0xc obj_f4/stm32f4xx_rcc.o
                0x000000000800a468                RCC_RTCCLKCmd
 .text.RCC_BackupResetCmd
                0x000000000800a474        0xc obj_f4/stm32f4xx_rcc.o
                0x000000000800a474                RCC_BackupResetCmd
 .text.RCC_I2SCLKConfig
                0x000000000800a480       0x34 obj_f4/stm32f4xx_rcc.o
                0x000000000800a480                RCC_I2SCLKConfig
 .text.RCC_SAICLKConfig
                0x000000000800a4b4       0x34 obj_f4/stm32f4xx_rcc.o
                0x000000000800a4b4                RCC_SAICLKConfig
 .text.RCC_SAIPLLI2SClkDivConfig
                0x000000000800a4e8       0x18 obj_f4/stm32f4xx_rcc.o
                0x000000000800a4e8                RCC_SAIPLLI2SClkDivConfig
 .text.RCC_SAIPLLSAIClkDivConfig
                0x000000000800a500       0x1c obj_f4/stm32f4xx_rcc.o
                0x000000000800a500                RCC_SAIPLLSAIClkDivConfig
 .text.RCC_LTDCCLKDivConfig
                0x000000000800a51c       0x18 obj_f4/stm32f4xx_rcc.o
                0x000000000800a51c                RCC_LTDCCLKDivConfig
 .text.RCC_TIMCLKPresConfig
                0x000000000800a534        0xc obj_f4/stm32f4xx_rcc.o
                0x000000000800a534                RCC_TIMCLKPresConfig
 .text.RCC_AHB1PeriphClockCmd
                0x000000000800a540       0x18 obj_f4/stm32f4xx_rcc.o
                0x000000000800a540                RCC_AHB1PeriphClockCmd
 .text.RCC_AHB2PeriphClockCmd
                0x000000000800a558       0x18 obj_f4/stm32f4xx_rcc.o
                0x000000000800a558                RCC_AHB2PeriphClockCmd
 .text.RCC_AHB3PeriphClockCmd
                0x000000000800a570       0x18 obj_f4/stm32f4xx_rcc.o
                0x000000000800a570                RCC_AHB3PeriphClockCmd
 .text.RCC_APB1PeriphClockCmd
                0x000000000800a588       0x18 obj_f4/stm32f4xx_rcc.o
                0x000000000800a588                RCC_APB1PeriphClockCmd
 .text.RCC_APB2PeriphClockCmd
                0x000000000800a5a0       0x18 obj_f4/stm32f4xx_rcc.o
                0x000000000800a5a0                RCC_APB2PeriphClockCmd
 .text.RCC_AHB1PeriphResetCmd
                0x000000000800a5b8       0x18 obj_f4/stm32f4xx_rcc.o
                0x000000000800a5b8                RCC_AHB1PeriphResetCmd
 .text.RCC_AHB2PeriphResetCmd
                0x000000000800a5d0       0x18 obj_f4/stm32f4xx_rcc.o
                0x000000000800a5d0                RCC_AHB2PeriphResetCmd
 .text.RCC_AHB3PeriphResetCmd
                0x000000000800a5e8       0x18 obj_f4/stm32f4xx_rcc.o
                0x000000000800a5e8                RCC_AHB3PeriphResetCmd
 .text.RCC_APB1PeriphResetCmd
                0x000000000800a600       0x18 obj_f4/stm32f4xx_rcc.o
                0x000000000800a600                RCC_APB1PeriphResetCmd
 .text.RCC_APB2PeriphResetCmd
                0x000000000800a618       0x18 obj_f4/stm32f4xx_rcc.o
                0x000000000800a618                RCC_APB2PeriphResetCmd
 .text.RCC_AHB1PeriphClockLPModeCmd
                0x000000000800a630       0x18 obj_f4/stm32f4xx_rcc.o
                0x000000000800a630                RCC_AHB1PeriphClockLPModeCmd
 .text.RCC_AHB2PeriphClockLPModeCmd
                0x000000000800a648       0x18 obj_f4/stm32f4xx_rcc.o
                0x000000000800a648                RCC_AHB2PeriphClockLPModeCmd
 .text.RCC_AHB3PeriphClockLPModeCmd
                0x000000000800a660       0x18 obj_f4/stm32f4xx_rcc.o
                0x000000000800a660                RCC_AHB3PeriphClockLPModeCmd
 .text.RCC_APB1PeriphClockLPModeCmd
                0x000000000800a678       0x18 obj_f4/stm32f4xx_rcc.o
                0x000000000800a678                RCC_APB1PeriphClockLPModeCmd
 .text.RCC_APB2PeriphClockLPModeCmd
                0x000000000800a690       0x18 obj_f4/stm32f4xx_rcc.o
                0x000000000800a690                RCC_APB2PeriphClockLPModeCmd
 .text.RCC_LSEModeConfig
                0x000000000800a6a8       0x18 obj_f4/stm32f4xx_rcc.o
                0x000000000800a6a8                RCC_LSEModeConfig
 .text.RCC_48MHzClockSourceConfig
                0x000000000800a6c0       0x1c obj_f4/stm32f4xx_rcc.o
                0x000000000800a6c0                RCC_48MHzClockSourceConfig
 .text.RCC_SDIOClockSourceConfig
                0x000000000800a6dc       0x1c obj_f4/stm32f4xx_rcc.o
                0x000000000800a6dc                RCC_SDIOClockSourceConfig
 .text.RCC_AHB1ClockGatingCmd
                0x000000000800a6f8       0x1c obj_f4/stm32f4xx_rcc.o
                0x000000000800a6f8                RCC_AHB1ClockGatingCmd
 .text.RCC_SPDIFRXClockSourceConfig
                0x000000000800a714       0x1c obj_f4/stm32f4xx_rcc.o
                0x000000000800a714                RCC_SPDIFRXClockSourceConfig
 .text.RCC_CECClockSourceConfig
                0x000000000800a730       0x1c obj_f4/stm32f4xx_rcc.o
                0x000000000800a730                RCC_CECClockSourceConfig
 .text.RCC_FMPI2C1ClockSourceConfig
                0x000000000800a74c       0x20 obj_f4/stm32f4xx_rcc.o
                0x000000000800a74c                RCC_FMPI2C1ClockSourceConfig
 .text.RCC_ITConfig
                0x000000000800a76c       0x18 obj_f4/stm32f4xx_rcc.o
                0x000000000800a76c                RCC_ITConfig
 .text.RCC_GetFlagStatus
                0x000000000800a784       0x28 obj_f4/stm32f4xx_rcc.o
                0x000000000800a784                RCC_GetFlagStatus
 .text.RCC_WaitForHSEStartUp
                0x000000000800a7ac       0x30 obj_f4/stm32f4xx_rcc.o
                0x000000000800a7ac                RCC_WaitForHSEStartUp
 .text.RCC_ClearFlag
                0x000000000800a7dc       0x10 obj_f4/stm32f4xx_rcc.o
                0x000000000800a7dc                RCC_ClearFlag
 .text.RCC_GetITStatus
                0x000000000800a7ec       0x14 obj_f4/stm32f4xx_rcc.o
                0x000000000800a7ec                RCC_GetITStatus
 .text.RCC_ClearITPendingBit
                0x000000000800a800        0xc obj_f4/stm32f4xx_rcc.o
                0x000000000800a800                RCC_ClearITPendingBit
 .text          0x000000000800a80c        0x0 obj_f4/misc.o
 .text.NVIC_PriorityGroupConfig
                0x000000000800a80c       0x14 obj_f4/misc.o
                0x000000000800a80c                NVIC_PriorityGroupConfig
 .text.NVIC_Init
                0x000000000800a820       0x58 obj_f4/misc.o
                0x000000000800a820                NVIC_Init
 .text.NVIC_SetVectorTable
                0x000000000800a878       0x14 obj_f4/misc.o
                0x000000000800a878                NVIC_SetVectorTable
 .text.NVIC_SystemLPConfig
                0x000000000800a88c       0x18 obj_f4/misc.o
                0x000000000800a88c                NVIC_SystemLPConfig
 .text.SysTick_CLKSourceConfig
                0x000000000800a8a4       0x18 obj_f4/misc.o
                0x000000000800a8a4                SysTick_CLKSourceConfig
 .text          0x000000000800a8bc        0x0 obj_f4/stm32f4xx_usart.o
 .text.USART_DeInit
                0x000000000800a8bc       0xe8 obj_f4/stm32f4xx_usart.o
                0x000000000800a8bc                USART_DeInit
 .text.USART_Init
                0x000000000800a9a4       0xb4 obj_f4/stm32f4xx_usart.o
                0x000000000800a9a4                USART_Init
 .text.USART_StructInit
                0x000000000800aa58       0x14 obj_f4/stm32f4xx_usart.o
                0x000000000800aa58                USART_StructInit
 .text.USART_ClockInit
                0x000000000800aa6c       0x20 obj_f4/stm32f4xx_usart.o
                0x000000000800aa6c                USART_ClockInit
 .text.USART_ClockStructInit
                0x000000000800aa8c        0xc obj_f4/stm32f4xx_usart.o
                0x000000000800aa8c                USART_ClockStructInit
 .text.USART_Cmd
                0x000000000800aa98       0x18 obj_f4/stm32f4xx_usart.o
                0x000000000800aa98                USART_Cmd
 .text.USART_SetPrescaler
                0x000000000800aab0       0x12 obj_f4/stm32f4xx_usart.o
                0x000000000800aab0                USART_SetPrescaler
 .text.USART_OverSampling8Cmd
                0x000000000800aac2       0x18 obj_f4/stm32f4xx_usart.o
                0x000000000800aac2                USART_OverSampling8Cmd
 .text.USART_OneBitMethodCmd
                0x000000000800aada       0x18 obj_f4/stm32f4xx_usart.o
                0x000000000800aada                USART_OneBitMethodCmd
 .text.USART_SendData
                0x000000000800aaf2        0x8 obj_f4/stm32f4xx_usart.o
                0x000000000800aaf2                USART_SendData
 .text.USART_ReceiveData
                0x000000000800aafa        0x8 obj_f4/stm32f4xx_usart.o
                0x000000000800aafa                USART_ReceiveData
 .text.USART_SetAddress
                0x000000000800ab02       0x16 obj_f4/stm32f4xx_usart.o
                0x000000000800ab02                USART_SetAddress
 .text.USART_ReceiverWakeUpCmd
                0x000000000800ab18       0x18 obj_f4/stm32f4xx_usart.o
                0x000000000800ab18                USART_ReceiverWakeUpCmd
 .text.USART_WakeUpConfig
                0x000000000800ab30       0x16 obj_f4/stm32f4xx_usart.o
                0x000000000800ab30                USART_WakeUpConfig
 .text.USART_LINBreakDetectLengthConfig
                0x000000000800ab46       0x16 obj_f4/stm32f4xx_usart.o
                0x000000000800ab46                USART_LINBreakDetectLengthConfig
 .text.USART_LINCmd
                0x000000000800ab5c       0x18 obj_f4/stm32f4xx_usart.o
                0x000000000800ab5c                USART_LINCmd
 .text.USART_SendBreak
                0x000000000800ab74        0xc obj_f4/stm32f4xx_usart.o